2026-04-05T01:15:18.115163+00:00 linux systemd[1]: logrotate.service: Deactivated successfully.
2026-04-05T01:15:18.115252+00:00 linux systemd[1]: Finished logrotate.service - Rotate log files.
2026-04-05T01:15:19.537524+00:00 linux pipewire[3275]: spa.alsa: front:0p: (46 suppressed) snd_pcm_avail after recover: Broken pipe
2026-04-05T01:15:37.589525+00:00 linux pipewire[3275]: message repeated 9 times: [ spa.alsa: front:0p: (46 suppressed) snd_pcm_avail after recover: Broken pipe]
2026-04-05T01:15:38.772243+00:00 linux CRON[8896]: (root) CMD (command -v debian-sa1 > /dev/null && debian-sa1 1 1)
2026-04-05T01:15:39.610413+00:00 linux pipewire[3275]: spa.alsa: front:0p: (46 suppressed) snd_pcm_avail after recover: Broken pipe
2026-04-05T01:15:41.607104+00:00 linux pipewire[3275]: spa.alsa: front:0p: (46 suppressed) snd_pcm_avail after recover: Broken pipe
2026-04-05T01:16:59.833142+00:00 linux pipewire[3275]: message repeated 39 times: [ spa.alsa: front:0p: (46 suppressed) snd_pcm_avail after recover: Broken pipe]
2026-04-05T01:17:01.784118+00:00 linux CRON[8911]: (root) CMD (cd / && run-parts --report /etc/cron.hourly)
2026-04-05T01:17:01.837765+00:00 linux pipewire[3275]: spa.alsa: front:0p: (46 suppressed) snd_pcm_avail after recover: Broken pipe
2026-04-05T01:20:04.372327+00:00 linux pipewire[3275]: message repeated 91 times: [ spa.alsa: front:0p: (46 suppressed) snd_pcm_avail after recover: Broken pipe]
2026-04-05T01:20:04.565376+00:00 linux systemd[1]: Starting sysstat-collect.service - system activity accounting tool...
2026-04-05T01:20:04.586173+00:00 linux systemd[1]: sysstat-collect.service: Deactivated successfully.
2026-04-05T01:20:04.586448+00:00 linux systemd[1]: Finished sysstat-collect.service - system activity accounting tool.
2026-04-05T01:20:06.368047+00:00 linux pipewire[3275]: spa.alsa: front:0p: (46 suppressed) snd_pcm_avail after recover: Broken pipe
2026-04-05T01:20:08.372854+00:00 linux pipewire[3275]: spa.alsa: front:0p: (46 suppressed) snd_pcm_avail after recover: Broken pipe
2026-04-05T01:20:09.020970+00:00 linux snapd[854]: storehelpers.go:916: cannot refresh: snap has no updates available: "bare", "core22", "firefox", "gnome-42-2204", "gtk-common-themes", "snapd", "thunderbird"
2026-04-05T01:20:10.377971+00:00 linux pipewire[3275]: spa.alsa: front:0p: (46 suppressed) snd_pcm_avail after recover: Broken pipe
2026-04-05T01:20:16.393956+00:00 linux pipewire[3275]: message repeated 3 times: [ spa.alsa: front:0p: (46 suppressed) snd_pcm_avail after recover: Broken pipe]
2026-04-05T01:20:17.909954+00:00 linux anacron[8767]: Job `cron.daily' started
2026-04-05T01:20:17.932293+00:00 linux anacron[8921]: Updated timestamp for job `cron.daily' to 2026-04-05
2026-04-05T01:20:17.945977+00:00 linux anacron[8767]: Job `cron.daily' terminated
2026-04-05T01:20:17.946089+00:00 linux anacron[8767]: Normal exit (1 job run)
2026-04-05T01:20:17.947160+00:00 linux systemd[1]: anacron.service: Deactivated successfully.
2026-04-05T01:20:18.410505+00:00 linux pipewire[3275]: spa.alsa: front:0p: (46 suppressed) snd_pcm_avail after recover: Broken pipe
2026-04-05T01:20:38.463090+00:00 linux pipewire[3275]: message repeated 10 times: [ spa.alsa: front:0p: (46 suppressed) snd_pcm_avail after recover: Broken pipe]
2026-04-05T01:20:38.546775+00:00 linux gnome-shell[3444]: Window manager warning: Ping serial 35134483 was reused for window W1, previous use was for window W15.
2026-04-05T01:20:40.459437+00:00 linux pipewire[3275]: spa.alsa: front:0p: (46 suppressed) snd_pcm_avail after recover: Broken pipe
2026-04-05T01:23:36.966937+00:00 linux pipewire[3275]: message repeated 88 times: [ spa.alsa: front:0p: (46 suppressed) snd_pcm_avail after recover: Broken pipe]
2026-04-05T01:23:38.974009+00:00 linux pipewire[3275]: spa.alsa: front:0p: (46 suppressed) snd_pcm_avail after recover: Broken pipe
2026-04-05T01:23:40.989502+00:00 linux pipewire[3275]: spa.alsa: front:0p: (46 suppressed) snd_pcm_avail after recover: Broken pipe
2026-04-05T01:23:42.982874+00:00 linux pipewire[3275]: spa.alsa: front:0p: (46 suppressed) snd_pcm_avail after recover: Broken pipe
2026-04-05T01:23:44.988947+00:00 linux pipewire[3275]: spa.alsa: front:0p: (46 suppressed) snd_pcm_avail after recover: Broken pipe
2026-04-05T01:23:46.993465+00:00 linux pipewire[3275]: spa.alsa: front:0p: (46 suppressed) snd_pcm_avail after recover: Broken pipe
2026-04-05T01:25:01.214391+00:00 linux pipewire[3275]: message repeated 37 times: [ spa.alsa: front:0p: (46 suppressed) snd_pcm_avail after recover: Broken pipe]
2026-04-05T01:25:01.812003+00:00 linux CRON[8963]: (root) CMD (command -v debian-sa1 > /dev/null && debian-sa1 1 1)
2026-04-05T01:25:03.219228+00:00 linux pipewire[3275]: spa.alsa: front:0p: (46 suppressed) snd_pcm_avail after recover: Broken pipe
2026-04-05T01:28:35.824801+00:00 linux pipewire[3275]: message repeated 106 times: [ spa.alsa: front:0p: (46 suppressed) snd_pcm_avail after recover: Broken pipe]
2026-04-05T01:28:37.829986+00:00 linux pipewire[3275]: spa.alsa: front:0p: (46 suppressed) snd_pcm_avail after recover: Broken pipe
2026-04-05T01:29:03.903387+00:00 linux pipewire[3275]: message repeated 13 times: [ spa.alsa: front:0p: (46 suppressed) snd_pcm_avail after recover: Broken pipe]
2026-04-05T01:29:05.915290+00:00 linux pipewire[3275]: spa.alsa: front:0p: (46 suppressed) snd_pcm_avail after recover: Broken pipe
2026-04-05T01:30:06.086160+00:00 linux pipewire[3275]: message repeated 30 times: [ spa.alsa: front:0p: (46 suppressed) snd_pcm_avail after recover: Broken pipe]
2026-04-05T01:30:07.981147+00:00 linux systemd[1]: Starting sysstat-collect.service - system activity accounting tool...
2026-04-05T01:30:07.985558+00:00 linux systemd[1]: sysstat-collect.service: Deactivated successfully.
2026-04-05T01:30:07.985854+00:00 linux systemd[1]: Finished sysstat-collect.service - system activity accounting tool.
2026-04-05T01:30:08.102105+00:00 linux pipewire[3275]: spa.alsa: front:0p: (46 suppressed) snd_pcm_avail after recover: Broken pipe
2026-04-05T01:34:10.793303+00:00 linux pipewire[3275]: message repeated 121 times: [ spa.alsa: front:0p: (46 suppressed) snd_pcm_avail after recover: Broken pipe]
2026-04-05T01:34:12.435515+00:00 linux rtkit-daemon[1381]: Successfully made thread 3461 of process 3444 owned by '1000' high priority at nice level 0.
2026-04-05T01:34:12.435731+00:00 linux rtkit-daemon[1381]: Supervising 1 threads of 1 processes of 1 users.
2026-04-05T01:34:12.436624+00:00 linux rtkit-daemon[1381]: Supervising 0 threads of 0 processes of 1 users.
2026-04-05T01:34:12.436919+00:00 linux rtkit-daemon[1381]: Supervising 0 threads of 0 processes of 1 users.
2026-04-05T01:34:12.438301+00:00 linux rtkit-daemon[1381]: Successfully made thread 3461 of process 3444 owned by '1000' RT at priority 20.
2026-04-05T01:34:12.438343+00:00 linux rtkit-daemon[1381]: Supervising 1 threads of 1 processes of 1 users.
2026-04-05T01:34:12.523645+00:00 linux update-notifier[4197]: gtk_widget_get_scale_factor: assertion 'GTK_IS_WIDGET (widget)' failed
2026-04-05T01:34:12.523757+00:00 linux update-notifier[4197]: gtk_widget_get_scale_factor: assertion 'GTK_IS_WIDGET (widget)' failed
2026-04-05T01:34:12.790486+00:00 linux pipewire[3275]: spa.alsa: front:0p: (46 suppressed) snd_pcm_avail after recover: Broken pipe
2026-04-05T01:34:13.442942+00:00 linux gnome-shell[3444]: Cursor update failed: drmModeAtomicCommit: Invalid argument
2026-04-05T01:34:14.804084+00:00 linux pipewire[3275]: spa.alsa: front:0p: (46 suppressed) snd_pcm_avail after recover: Broken pipe
2026-04-05T01:35:00.930290+00:00 linux pipewire[3275]: message repeated 23 times: [ spa.alsa: front:0p: (46 suppressed) snd_pcm_avail after recover: Broken pipe]
2026-04-05T01:35:01.842401+00:00 linux CRON[8991]: (root) CMD (command -v debian-sa1 > /dev/null && debian-sa1 1 1)
2026-04-05T01:35:02.943220+00:00 linux pipewire[3275]: spa.alsa: front:0p: (46 suppressed) snd_pcm_avail after recover: Broken pipe
2026-04-05T01:38:20.416866+00:00 linux kernel: usb 1-1: USB disconnect, device number 5
2026-04-05T01:38:20.603642+00:00 linux kernel: usb 1-2: USB disconnect, device number 4
2026-04-05T01:38:19.501006+00:00 linux pipewire[3275]: message repeated 98 times: [ spa.alsa: front:0p: (46 suppressed) snd_pcm_avail after recover: Broken pipe]
2026-04-05T01:38:20.622848+00:00 linux gnome-shell[3444]: Cursor update failed: drmModeAtomicCommit: Invalid argument
2026-04-05T01:38:20.932800+00:00 linux kernel: usb 1-2: new full-speed USB device number 6 using xhci_hcd
2026-04-05T01:38:21.061140+00:00 linux kernel: usb 1-2: New USB device found, idVendor=80ee, idProduct=0021, bcdDevice= 1.00
2026-04-05T01:38:21.061159+00:00 linux kernel: usb 1-2: New USB device strings: Mfr=1, Product=3, SerialNumber=0
2026-04-05T01:38:21.061160+00:00 linux kernel: usb 1-2: Product: USB Tablet
2026-04-05T01:38:21.061161+00:00 linux kernel: usb 1-2: Manufacturer: VirtualBox
2026-04-05T01:38:21.063765+00:00 linux kernel: input: VirtualBox USB Tablet as /devices/pci0000:00/0000:00:06.0/usb1/1-2/1-2:1.0/0003:80EE:0021.0005/input/input11
2026-04-05T01:38:21.063788+00:00 linux kernel: hid-generic 0003:80EE:0021.0005: input,hidraw0: USB HID v1.10 Mouse [VirtualBox USB Tablet] on usb-0000:00:06.0-2/input0
2026-04-05T01:38:21.150044+00:00 linux kernel: e1000: enp0s8 NIC Link is Down
2026-04-05T01:38:21.151728+00:00 linux kernel: e1000 0000:00:08.0 enp0s8: Reset adapter
2026-04-05T01:38:21.156118+00:00 linux systemd-networkd[692]: enp0s8: Lost carrier
2026-04-05T01:38:21.156572+00:00 linux systemd-timesyncd[732]: No network connectivity, watching for changes.
2026-04-05T01:38:21.286715+00:00 linux kernel: usb 1-1: new full-speed USB device number 7 using xhci_hcd
2026-04-05T01:38:21.414790+00:00 linux kernel: usb 1-1: New USB device found, idVendor=80ee, idProduct=0010, bcdDevice= 1.00
2026-04-05T01:38:21.414814+00:00 linux kernel: usb 1-1: New USB device strings: Mfr=1, Product=2, SerialNumber=0
2026-04-05T01:38:21.414815+00:00 linux kernel: usb 1-1: Product: USB Keyboard
2026-04-05T01:38:21.414816+00:00 linux kernel: usb 1-1: Manufacturer: VirtualBox
2026-04-05T01:38:21.416887+00:00 linux kernel: input: VirtualBox USB Keyboard as /devices/pci0000:00/0000:00:06.0/usb1/1-1/1-1:1.0/0003:80EE:0010.0006/input/input12
2026-04-05T01:38:21.493496+00:00 linux kernel: hid-generic 0003:80EE:0010.0006: input,hidraw1: USB HID v1.10 Keyboard [VirtualBox USB Keyboard] on usb-0000:00:06.0-1/input0
2026-04-05T01:38:21.500886+00:00 linux mtp-probe: checking bus 1, device 6: "/sys/devices/pci0000:00/0000:00:06.0/usb1/1-2"
2026-04-05T01:38:21.501318+00:00 linux mtp-probe: checking bus 1, device 7: "/sys/devices/pci0000:00/0000:00:06.0/usb1/1-1"
2026-04-05T01:38:21.501436+00:00 linux mtp-probe: bus: 1, device: 7 was not an MTP device
2026-04-05T01:38:21.501491+00:00 linux mtp-probe: bus: 1, device: 6 was not an MTP device
2026-04-05T01:38:21.508061+00:00 linux pipewire[3275]: spa.alsa: front:0p: (46 suppressed) snd_pcm_avail after recover: Broken pipe
2026-04-05T01:38:21.539836+00:00 linux mtp-probe: checking bus 1, device 7: "/sys/devices/pci0000:00/0000:00:06.0/usb1/1-1"
2026-04-05T01:38:21.539885+00:00 linux mtp-probe: bus: 1, device: 7 was not an MTP device
2026-04-05T01:38:21.604862+00:00 linux mtp-probe: checking bus 1, device 6: "/sys/devices/pci0000:00/0000:00:06.0/usb1/1-2"
2026-04-05T01:38:21.604916+00:00 linux mtp-probe: bus: 1, device: 6 was not an MTP device
2026-04-05T01:38:22.047574+00:00 linux rtkit-daemon[1381]: Successfully made thread 3461 of process 3444 owned by '1000' high priority at nice level 0.
2026-04-05T01:38:22.047827+00:00 linux rtkit-daemon[1381]: Supervising 1 threads of 1 processes of 1 users.
2026-04-05T01:38:22.049127+00:00 linux rtkit-daemon[1381]: Supervising 0 threads of 0 processes of 1 users.
2026-04-05T01:38:22.049594+00:00 linux rtkit-daemon[1381]: Supervising 0 threads of 0 processes of 1 users.
2026-04-05T01:38:22.051684+00:00 linux rtkit-daemon[1381]: Successfully made thread 3461 of process 3444 owned by '1000' RT at priority 20.
2026-04-05T01:38:22.051746+00:00 linux rtkit-daemon[1381]: Supervising 1 threads of 1 processes of 1 users.
2026-04-05T01:38:22.111569+00:00 linux dbus-daemon[843]: [system] Activating via systemd: service name='net.reactivated.Fprint' unit='fprintd.service' requested by ':1.101' (uid=1000 pid=3444 comm="/usr/bin/gnome-shell" label="unconfined")
2026-04-05T01:38:22.123772+00:00 linux systemd[1]: Starting fprintd.service - Fingerprint Authentication Daemon...
2026-04-05T01:38:22.149963+00:00 linux dbus-daemon[843]: [system] Successfully activated service 'net.reactivated.Fprint'
2026-04-05T01:38:22.150343+00:00 linux systemd[1]: Started fprintd.service - Fingerprint Authentication Daemon.
2026-04-05T01:38:22.207029+00:00 linux gnome-shell[3444]: Gio.DBusError: GDBus.Error:org.freedesktop.DBus.Error.Failed: Set global engine failed: Operation was cancelled#012#012Stack trace:#012  _promisify/proto[asyncFunc]/</<@resource:///org/gnome/gjs/modules/core/overrides/Gio.js:453:45#012  @resource:///org/gnome/shell/ui/init.js:21:20#012  ### Promise created here: ####012  _setEngine@resource:///org/gnome/shell/misc/ibusManager.js:291:30#012  setEngine@resource:///org/gnome/shell/misc/ibusManager.js:314:24#012  activateInputSource@resource:///org/gnome/shell/ui/status/keyboard.js:527:31#012  _callHandlers@resource:///org/gnome/gjs/modules/core/_signals.js:130:42#012  _emit@resource:///org/gnome/gjs/modules/core/_signals.js:119:10#012  activate@resource:///org/gnome/shell/ui/status/keyboard.js:68:14#012  _inputSourcesChanged@resource:///org/gnome/shell/ui/status/keyboard.js:661:33#012  reload@resource:///org/gnome/shell/ui/status/keyboard.js:396:14#012  _ibusSetContentType@resource:///org/gnome/shell/ui/status/keyboard.js:736:14#012  _callHandlers@resource:///org/gnome/gjs/modules/core/_signals.js:130:42#012  _emit@resource:///org/gnome/gjs/modules/core/_signals.js:119:10#012  _setContentType@resource:///org/gnome/shell/misc/ibusManager.js:266:14#012  @resource:///org/gnome/shell/ui/init.js:21:20#012  
2026-04-05T01:38:23.202025+00:00 linux kernel: e1000: enp0s8 NIC Link is Up 1000 Mbps Full Duplex, Flow Control: RX
2026-04-05T01:38:23.200732+00:00 linux systemd-networkd[692]: enp0s8: Gained carrier
2026-04-05T01:38:23.201188+00:00 linux NetworkManager[890]: <info>  [1775353103.1989] device (enp0s8): carrier: link connected
2026-04-05T01:38:23.201538+00:00 linux systemd-timesyncd[732]: Network configuration changed, trying to establish connection.
2026-04-05T01:49:40.432570+00:00 linux systemd-timesyncd[732]: Contacted time server 149.248.12.167:123 (1.ubuntu.pool.ntp.org).
2026-04-05T01:49:40.433836+00:00 linux systemd-resolved[731]: Clock change detected. Flushing caches.
2026-04-05T01:49:40.444804+00:00 linux systemd[1]: Starting sysstat-collect.service - system activity accounting tool...
2026-04-05T01:49:40.449972+00:00 linux systemd[1]: Starting update-notifier-motd.service - Check to see whether there is a new version of Ubuntu available...
2026-04-05T01:49:40.450093+00:00 linux systemd[1]: sysstat-collect.service: Deactivated successfully.
2026-04-05T01:49:40.450151+00:00 linux systemd[1]: Finished sysstat-collect.service - system activity accounting tool.
2026-04-05T01:49:40.461253+00:00 linux systemd[1]: update-notifier-motd.service: Deactivated successfully.
2026-04-05T01:49:40.463415+00:00 linux systemd[3261]: Starting update-notifier-release.service - Notification regarding a new release of Ubuntu...
2026-04-05T01:49:40.463648+00:00 linux systemd[1]: Finished update-notifier-motd.service - Check to see whether there is a new version of Ubuntu available.
2026-04-05T01:49:40.645144+00:00 linux pipewire[3275]: spa.alsa: front:0p: (46 suppressed) snd_pcm_avail after recover: Broken pipe
2026-04-05T01:49:50.676630+00:00 linux pipewire[3275]: message repeated 5 times: [ spa.alsa: front:0p: (46 suppressed) snd_pcm_avail after recover: Broken pipe]
2026-04-05T01:49:51.570858+00:00 linux dbus-daemon[3287]: [session uid=1000 pid=3287] Activating service name='org.freedesktop.FileManager1' requested by ':1.27' (uid=1000 pid=3444 comm="/usr/bin/gnome-shell" label="unconfined")
2026-04-05T01:49:51.593920+00:00 linux nautilus[9131]: Connecting to org.freedesktop.Tracker3.Miner.Files
2026-04-05T01:49:51.594387+00:00 linux dbus-daemon[3287]: [session uid=1000 pid=3287] Successfully activated service 'org.freedesktop.FileManager1'
2026-04-05T01:49:51.635928+00:00 linux gnome-shell[3444]: Launching DING process
2026-04-05T01:49:51.641386+00:00 linux NetworkManager[890]: <info>  [1775353791.6412] agent-manager: agent[f4c7fc4f4162182f,:1.101/org.gnome.Shell.NetworkAgent/1000]: agent registered
2026-04-05T01:49:51.646054+00:00 linux gnome-shell[3444]: Gio.DBusError: GDBus.Error:org.freedesktop.DBus.Error.Failed: Set global engine failed: Operation was cancelled#012#012Stack trace:#012  _promisify/proto[asyncFunc]/</<@resource:///org/gnome/gjs/modules/core/overrides/Gio.js:453:45#012  @resource:///org/gnome/shell/ui/init.js:21:20#012  ### Promise created here: ####012  _setEngine@resource:///org/gnome/shell/misc/ibusManager.js:291:30#012  setEngine@resource:///org/gnome/shell/misc/ibusManager.js:314:24#012  activateInputSource@resource:///org/gnome/shell/ui/status/keyboard.js:527:31#012  _callHandlers@resource:///org/gnome/gjs/modules/core/_signals.js:130:42#012  _emit@resource:///org/gnome/gjs/modules/core/_signals.js:119:10#012  activate@resource:///org/gnome/shell/ui/status/keyboard.js:68:14#012  _inputSourcesChanged@resource:///org/gnome/shell/ui/status/keyboard.js:661:33#012  reload@resource:///org/gnome/shell/ui/status/keyboard.js:396:14#012  _ibusSetContentType@resource:///org/gnome/shell/ui/status/keyboard.js:736:14#012  _callHandlers@resource:///org/gnome/gjs/modules/core/_signals.js:130:42#012  _emit@resource:///org/gnome/gjs/modules/core/_signals.js:119:10#012  _setContentType@resource:///org/gnome/shell/misc/ibusManager.js:266:14#012  @resource:///org/gnome/shell/ui/init.js:21:20#012  
2026-04-05T01:49:51.811289+00:00 linux dbus-daemon[3287]: [session uid=1000 pid=3287] Activating service name='org.gnome.ArchiveManager1' requested by ':1.151' (uid=1000 pid=9145 comm="gjs /usr/share/gnome-shell/extensions/ding@rasters" label="desktop-icons-ng (unconfined)")
2026-04-05T01:49:51.881255+00:00 linux gnome-shell[3444]: DING: Detected async api for thumbnails
2026-04-05T01:49:51.885120+00:00 linux gnome-shell[3444]: DING: (gjs:9145): Gjs-WARNING **: 01:49:51.868: GLib.unix_signal_add has been moved to a separate platform-specific library. Please update your code to use GLibUnix.signal_add instead.
2026-04-05T01:49:51.885728+00:00 linux gnome-shell[3444]: DING: 0 DesktopManager() ["/usr/share/gnome-shell/extensions/ding@rastersoft.com/app/desktopManager.js":264:12]
2026-04-05T01:49:51.885897+00:00 linux gnome-shell[3444]: DING: 1 anonymous() ["/usr/share/gnome-shell/extensions/ding@rastersoft.com/app/ding.js":180:25]
2026-04-05T01:49:51.885913+00:00 linux gnome-shell[3444]: DING: 2 anonymous() ["/usr/share/gnome-shell/extensions/ding@rastersoft.com/app/ding.js":197:20]
2026-04-05T01:49:51.885929+00:00 linux gnome-shell[3444]: DING: 3 <TOP LEVEL> ["/usr/share/gnome-shell/extensions/ding@rastersoft.com/app/ding.js":206:12]
2026-04-05T01:49:51.885958+00:00 linux gnome-shell[3444]: DING: DBus interface for Nautilus (org.gnome.Nautilus.FileOperations2) is now available.
2026-04-05T01:49:51.885980+00:00 linux gnome-shell[3444]: DING: DBus interface for Nautilus (org.freedesktop.FileManager1) is now available.
2026-04-05T01:49:51.885992+00:00 linux gnome-shell[3444]: DING: DBus interface for Switcheroo control (net.hadess.SwitcherooControl) is now available.
2026-04-05T01:49:51.886033+00:00 linux gnome-shell[3444]: DING: DBus interface for Gvfs daemon (org.gtk.vfs.Metadata) is now available.
2026-04-05T01:49:51.912611+00:00 linux gnome-shell[3444]: DING: ** Message: 01:49:51.907: Connecting to org.freedesktop.Tracker3.Miner.Files
2026-04-05T01:49:51.913625+00:00 linux gnome-shell[3444]: DING: GNOME nautilus 46.4
2026-04-05T01:49:51.922329+00:00 linux gnome-shell[3444]: Received notification for window. 0 notifications remaining.
2026-04-05T01:49:51.975404+00:00 linux gnome-shell[3444]: Window manager warning: Overwriting existing binding of keysym 36 with keysym 36 (keycode f).
2026-04-05T01:49:51.975494+00:00 linux gnome-shell[3444]: Window manager warning: Overwriting existing binding of keysym 31 with keysym 31 (keycode a).
2026-04-05T01:49:51.975675+00:00 linux gnome-shell[3444]: Window manager warning: Overwriting existing binding of keysym 32 with keysym 32 (keycode b).
2026-04-05T01:49:51.975703+00:00 linux gnome-shell[3444]: Window manager warning: Overwriting existing binding of keysym 33 with keysym 33 (keycode c).
2026-04-05T01:49:51.975729+00:00 linux gnome-shell[3444]: Window manager warning: Overwriting existing binding of keysym 34 with keysym 34 (keycode d).
2026-04-05T01:49:51.975780+00:00 linux gnome-shell[3444]: Window manager warning: Overwriting existing binding of keysym 35 with keysym 35 (keycode e).
2026-04-05T01:49:51.975794+00:00 linux gnome-shell[3444]: Window manager warning: Overwriting existing binding of keysym 31 with keysym 31 (keycode a).
2026-04-05T01:49:51.975831+00:00 linux gnome-shell[3444]: Window manager warning: Overwriting existing binding of keysym 32 with keysym 32 (keycode b).
2026-04-05T01:49:51.975854+00:00 linux gnome-shell[3444]: Window manager warning: Overwriting existing binding of keysym 33 with keysym 33 (keycode c).
2026-04-05T01:49:51.975865+00:00 linux gnome-shell[3444]: Window manager warning: Overwriting existing binding of keysym 38 with keysym 38 (keycode 11).
2026-04-05T01:49:51.975889+00:00 linux gnome-shell[3444]: Window manager warning: Overwriting existing binding of keysym 37 with keysym 37 (keycode 10).
2026-04-05T01:49:51.975911+00:00 linux gnome-shell[3444]: Window manager warning: Overwriting existing binding of keysym 34 with keysym 34 (keycode d).
2026-04-05T01:49:51.975927+00:00 linux gnome-shell[3444]: Window manager warning: Overwriting existing binding of keysym 39 with keysym 39 (keycode 12).
2026-04-05T01:49:51.975948+00:00 linux gnome-shell[3444]: Window manager warning: Overwriting existing binding of keysym 36 with keysym 36 (keycode f).
2026-04-05T01:49:51.975971+00:00 linux gnome-shell[3444]: Window manager warning: Overwriting existing binding of keysym 38 with keysym 38 (keycode 11).
2026-04-05T01:49:51.975981+00:00 linux gnome-shell[3444]: Window manager warning: Overwriting existing binding of keysym 35 with keysym 35 (keycode e).
2026-04-05T01:49:51.975991+00:00 linux gnome-shell[3444]: Window manager warning: Overwriting existing binding of keysym 39 with keysym 39 (keycode 12).
2026-04-05T01:49:51.976024+00:00 linux gnome-shell[3444]: Window manager warning: Overwriting existing binding of keysym 37 with keysym 37 (keycode 10).
2026-04-05T01:49:51.978310+00:00 linux gnome-shell[3444]: GFileInfo created without standard::icon
2026-04-05T01:49:51.978384+00:00 linux gnome-shell[3444]: file ../../../gio/gfileinfo.c: line 1765 (g_file_info_get_icon): should not be reached
2026-04-05T01:49:51.988329+00:00 linux dbus-daemon[3287]: [session uid=1000 pid=3287] Successfully activated service 'org.gnome.ArchiveManager1'
2026-04-05T01:49:51.993848+00:00 linux gnome-shell[3444]: DING: DBus interface for File-roller (org.gnome.ArchiveManager1) is now available.
2026-04-05T01:49:52.679903+00:00 linux pipewire[3275]: spa.alsa: front:0p: (46 suppressed) snd_pcm_avail after recover: Broken pipe
2026-04-05T01:49:58.697893+00:00 linux pipewire[3275]: message repeated 3 times: [ spa.alsa: front:0p: (46 suppressed) snd_pcm_avail after recover: Broken pipe]
2026-04-05T01:50:00.439178+00:00 linux systemd[1]: Starting sysstat-collect.service - system activity accounting tool...
2026-04-05T01:50:00.441120+00:00 linux systemd[1]: sysstat-collect.service: Deactivated successfully.
2026-04-05T01:50:00.441292+00:00 linux systemd[1]: Finished sysstat-collect.service - system activity accounting tool.
2026-04-05T01:50:00.710593+00:00 linux pipewire[3275]: spa.alsa: front:0p: (46 suppressed) snd_pcm_avail after recover: Broken pipe
2026-04-05T01:50:01.144841+00:00 linux check-new-release-gtk[9088]: WARNING:root:timeout reached, exiting
2026-04-05T01:50:01.181740+00:00 linux systemd[3261]: Finished update-notifier-release.service - Notification regarding a new release of Ubuntu.
2026-04-05T01:50:02.715680+00:00 linux pipewire[3275]: spa.alsa: front:0p: (46 suppressed) snd_pcm_avail after recover: Broken pipe
2026-04-05T01:50:08.732466+00:00 linux pipewire[3275]: message repeated 3 times: [ spa.alsa: front:0p: (46 suppressed) snd_pcm_avail after recover: Broken pipe]
2026-04-05T01:50:09.214363+00:00 linux systemd[1]: fprintd.service: Deactivated successfully.
2026-04-05T01:50:10.737501+00:00 linux pipewire[3275]: spa.alsa: front:0p: (46 suppressed) snd_pcm_avail after recover: Broken pipe
2026-04-05T01:54:25.469215+00:00 linux pipewire[3275]: message repeated 127 times: [ spa.alsa: front:0p: (46 suppressed) snd_pcm_avail after recover: Broken pipe]
2026-04-05T01:54:27.472460+00:00 linux pipewire[3275]: spa.alsa: front:0p: (46 suppressed) snd_pcm_avail after recover: Broken pipe
2026-04-05T01:55:01.568823+00:00 linux pipewire[3275]: message repeated 17 times: [ spa.alsa: front:0p: (46 suppressed) snd_pcm_avail after recover: Broken pipe]
2026-04-05T01:55:02.007123+00:00 linux CRON[9214]: (root) CMD (command -v debian-sa1 > /dev/null && debian-sa1 1 1)
2026-04-05T01:55:03.581559+00:00 linux pipewire[3275]: spa.alsa: front:0p: (46 suppressed) snd_pcm_avail after recover: Broken pipe
2026-04-05T01:55:35.676983+00:00 linux pipewire[3275]: message repeated 16 times: [ spa.alsa: front:0p: (46 suppressed) snd_pcm_avail after recover: Broken pipe]
2026-04-05T01:55:37.682547+00:00 linux pipewire[3275]: spa.alsa: front:0p: (46 suppressed) snd_pcm_avail after recover: Broken pipe
2026-04-05T01:56:17.788587+00:00 linux pipewire[3275]: message repeated 20 times: [ spa.alsa: front:0p: (46 suppressed) snd_pcm_avail after recover: Broken pipe]
2026-04-05T01:56:18.906098+00:00 linux kernel: systemd-journald[308]: Received client request to rotate journal, rotating.
2026-04-05T01:56:18.930039+00:00 linux kernel: systemd-journald[308]: Vacuuming done, freed 0B of archived journals from /var/log/journal/53b132dcee3843f28802e0aa19f6cc63.
2026-04-05T01:56:19.791992+00:00 linux pipewire[3275]: spa.alsa: front:0p: (46 suppressed) snd_pcm_avail after recover: Broken pipe
2026-04-05T01:56:21.810767+00:00 linux pipewire[3275]: spa.alsa: front:0p: (46 suppressed) snd_pcm_avail after recover: Broken pipe
2026-04-05T01:56:23.815673+00:00 linux pipewire[3275]: spa.alsa: front:0p: (46 suppressed) snd_pcm_avail after recover: Broken pipe
2026-04-05T01:56:25.531043+00:00 linux kernel: systemd-journald[308]: Received client request to rotate journal, rotating.
2026-04-05T01:56:25.553421+00:00 linux kernel: systemd-journald[308]: Vacuuming done, freed 0B of archived journals from /var/log/journal/53b132dcee3843f28802e0aa19f6cc63.
2026-04-05T01:56:25.811237+00:00 linux pipewire[3275]: spa.alsa: front:0p: (46 suppressed) snd_pcm_avail after recover: Broken pipe
2026-04-05T01:56:27.814954+00:00 linux pipewire[3275]: spa.alsa: front:0p: (46 suppressed) snd_pcm_avail after recover: Broken pipe
2026-04-05T01:56:39.851286+00:00 linux pipewire[3275]: message repeated 6 times: [ spa.alsa: front:0p: (46 suppressed) snd_pcm_avail after recover: Broken pipe]
2026-04-05T01:56:41.809072+00:00 linux kernel: systemd-journald[308]: Received client request to rotate journal, rotating.
2026-04-05T01:56:41.830064+00:00 linux kernel: systemd-journald[308]: Vacuuming done, freed 0B of archived journals from /var/log/journal/53b132dcee3843f28802e0aa19f6cc63.
2026-04-05T01:56:41.854488+00:00 linux pipewire[3275]: spa.alsa: front:0p: (46 suppressed) snd_pcm_avail after recover: Broken pipe
2026-04-05T01:56:57.905611+00:00 linux pipewire[3275]: message repeated 8 times: [ spa.alsa: front:0p: (46 suppressed) snd_pcm_avail after recover: Broken pipe]
2026-04-05T01:56:59.909244+00:00 linux pipewire[3275]: spa.alsa: front:0p: (46 suppressed) snd_pcm_avail after recover: Broken pipe
2026-04-05T02:00:00.427407+00:00 linux pipewire[3275]: message repeated 90 times: [ spa.alsa: front:0p: (46 suppressed) snd_pcm_avail after recover: Broken pipe]
2026-04-05T02:00:01.933942+00:00 linux systemd[1]: Starting sysstat-collect.service - system activity accounting tool...
2026-04-05T02:00:01.937470+00:00 linux systemd[1]: sysstat-collect.service: Deactivated successfully.
2026-04-05T02:00:01.937842+00:00 linux systemd[1]: Finished sysstat-collect.service - system activity accounting tool.
2026-04-05T02:00:02.430533+00:00 linux pipewire[3275]: spa.alsa: front:0p: (46 suppressed) snd_pcm_avail after recover: Broken pipe
2026-04-05T02:04:59.299655+00:00 linux pipewire[3275]: message repeated 148 times: [ spa.alsa: front:0p: (46 suppressed) snd_pcm_avail after recover: Broken pipe]
2026-04-05T02:05:01.022090+00:00 linux CRON[9269]: (root) CMD (command -v debian-sa1 > /dev/null && debian-sa1 1 1)
2026-04-05T02:05:01.294706+00:00 linux pipewire[3275]: spa.alsa: front:0p: (46 suppressed) snd_pcm_avail after recover: Broken pipe
2026-04-05T02:07:09.659408+00:00 linux pipewire[3275]: message repeated 64 times: [ spa.alsa: front:0p: (46 suppressed) snd_pcm_avail after recover: Broken pipe]
2026-04-05T02:07:10.973376+00:00 linux rtkit-daemon[1381]: Successfully made thread 3461 of process 3444 owned by '1000' high priority at nice level 0.
2026-04-05T02:07:10.974657+00:00 linux rtkit-daemon[1381]: Supervising 1 threads of 1 processes of 1 users.
2026-04-05T02:07:10.974925+00:00 linux rtkit-daemon[1381]: Supervising 0 threads of 0 processes of 1 users.
2026-04-05T02:07:10.975233+00:00 linux rtkit-daemon[1381]: Supervising 0 threads of 0 processes of 1 users.
2026-04-05T02:07:10.976830+00:00 linux rtkit-daemon[1381]: Successfully made thread 3461 of process 3444 owned by '1000' RT at priority 20.
2026-04-05T02:07:10.976906+00:00 linux rtkit-daemon[1381]: Supervising 1 threads of 1 processes of 1 users.
2026-04-05T02:07:11.056446+00:00 linux update-notifier[4197]: gtk_widget_get_scale_factor: assertion 'GTK_IS_WIDGET (widget)' failed
2026-04-05T02:07:11.056532+00:00 linux update-notifier[4197]: gtk_widget_get_scale_factor: assertion 'GTK_IS_WIDGET (widget)' failed
2026-04-05T02:07:11.662635+00:00 linux pipewire[3275]: spa.alsa: front:0p: (46 suppressed) snd_pcm_avail after recover: Broken pipe
2026-04-05T02:07:12.052176+00:00 linux gnome-shell[3444]: Cursor update failed: drmModeAtomicCommit: Invalid argument
2026-04-05T02:07:13.678581+00:00 linux pipewire[3275]: spa.alsa: front:0p: (46 suppressed) snd_pcm_avail after recover: Broken pipe
2026-04-05T02:10:00.152792+00:00 linux pipewire[3275]: message repeated 83 times: [ spa.alsa: front:0p: (46 suppressed) snd_pcm_avail after recover: Broken pipe]
2026-04-05T02:10:01.197924+00:00 linux systemd[1]: Starting sysstat-collect.service - system activity accounting tool...
2026-04-05T02:10:01.222291+00:00 linux systemd[1]: sysstat-collect.service: Deactivated successfully.
2026-04-05T02:10:01.222646+00:00 linux systemd[1]: Finished sysstat-collect.service - system activity accounting tool.
2026-04-05T02:10:02.157909+00:00 linux pipewire[3275]: spa.alsa: front:0p: (46 suppressed) snd_pcm_avail after recover: Broken pipe
2026-04-05T02:12:18.552786+00:00 linux pipewire[3275]: message repeated 68 times: [ spa.alsa: front:0p: (46 suppressed) snd_pcm_avail after recover: Broken pipe]
2026-04-05T02:12:19.949105+00:00 linux systemd[1]: Starting plocate-updatedb.service - Update the plocate database...
2026-04-05T02:12:20.549563+00:00 linux pipewire[3275]: spa.alsa: front:0p: (46 suppressed) snd_pcm_avail after recover: Broken pipe
2026-04-05T02:12:20.694820+00:00 linux systemd[1]: plocate-updatedb.service: Deactivated successfully.
2026-04-05T02:12:20.694880+00:00 linux systemd[1]: Finished plocate-updatedb.service - Update the plocate database.
2026-04-05T02:12:22.563504+00:00 linux pipewire[3275]: spa.alsa: front:0p: (46 suppressed) snd_pcm_avail after recover: Broken pipe
2026-04-05T02:13:56.834309+00:00 linux pipewire[3275]: message repeated 47 times: [ spa.alsa: front:0p: (46 suppressed) snd_pcm_avail after recover: Broken pipe]
2026-04-05T02:13:57.308359+00:00 linux rtkit-daemon[1381]: Successfully made thread 3461 of process 3444 owned by '1000' high priority at nice level 0.
2026-04-05T02:13:57.308512+00:00 linux rtkit-daemon[1381]: Supervising 1 threads of 1 processes of 1 users.
2026-04-05T02:13:57.310044+00:00 linux rtkit-daemon[1381]: Supervising 0 threads of 0 processes of 1 users.
2026-04-05T02:13:57.310468+00:00 linux rtkit-daemon[1381]: Supervising 0 threads of 0 processes of 1 users.
2026-04-05T02:13:57.313567+00:00 linux rtkit-daemon[1381]: Successfully made thread 3461 of process 3444 owned by '1000' RT at priority 20.
2026-04-05T02:13:57.313672+00:00 linux rtkit-daemon[1381]: Supervising 1 threads of 1 processes of 1 users.
2026-04-05T02:13:58.136472+00:00 linux dbus-daemon[843]: [system] Activating via systemd: service name='net.reactivated.Fprint' unit='fprintd.service' requested by ':1.101' (uid=1000 pid=3444 comm="/usr/bin/gnome-shell" label="unconfined")
2026-04-05T02:13:58.146324+00:00 linux systemd[1]: Starting fprintd.service - Fingerprint Authentication Daemon...
2026-04-05T02:13:58.179097+00:00 linux dbus-daemon[843]: [system] Successfully activated service 'net.reactivated.Fprint'
2026-04-05T02:13:58.179182+00:00 linux systemd[1]: Started fprintd.service - Fingerprint Authentication Daemon.
2026-04-05T02:13:58.837692+00:00 linux pipewire[3275]: spa.alsa: front:0p: (46 suppressed) snd_pcm_avail after recover: Broken pipe
2026-04-05T02:14:00.843062+00:00 linux pipewire[3275]: spa.alsa: front:0p: (46 suppressed) snd_pcm_avail after recover: Broken pipe
2026-04-05T02:14:02.496598+00:00 linux dbus-daemon[3287]: [session uid=1000 pid=3287] Activating service name='org.freedesktop.FileManager1' requested by ':1.27' (uid=1000 pid=3444 comm="/usr/bin/gnome-shell" label="unconfined")
2026-04-05T02:14:02.523615+00:00 linux nautilus[9319]: Connecting to org.freedesktop.Tracker3.Miner.Files
2026-04-05T02:14:02.524081+00:00 linux dbus-daemon[3287]: [session uid=1000 pid=3287] Successfully activated service 'org.freedesktop.FileManager1'
2026-04-05T02:14:02.570949+00:00 linux gnome-shell[3444]: Launching DING process
2026-04-05T02:14:02.571264+00:00 linux NetworkManager[890]: <info>  [1775355242.5694] agent-manager: agent[2aab4e492ae885e7,:1.101/org.gnome.Shell.NetworkAgent/1000]: agent registered
2026-04-05T02:14:02.734518+00:00 linux dbus-daemon[3287]: [session uid=1000 pid=3287] Activating service name='org.gnome.ArchiveManager1' requested by ':1.156' (uid=1000 pid=9334 comm="gjs /usr/share/gnome-shell/extensions/ding@rasters" label="desktop-icons-ng (unconfined)")
2026-04-05T02:14:02.790087+00:00 linux gnome-shell[3444]: DING: Detected async api for thumbnails
2026-04-05T02:14:02.815634+00:00 linux gnome-shell[3444]: Window manager warning: Overwriting existing binding of keysym 32 with keysym 32 (keycode b).
2026-04-05T02:14:02.815707+00:00 linux gnome-shell[3444]: Window manager warning: Overwriting existing binding of keysym 31 with keysym 31 (keycode a).
2026-04-05T02:14:02.815719+00:00 linux gnome-shell[3444]: Window manager warning: Overwriting existing binding of keysym 34 with keysym 34 (keycode d).
2026-04-05T02:14:02.815730+00:00 linux gnome-shell[3444]: Window manager warning: Overwriting existing binding of keysym 35 with keysym 35 (keycode e).
2026-04-05T02:14:02.815739+00:00 linux gnome-shell[3444]: Window manager warning: Overwriting existing binding of keysym 31 with keysym 31 (keycode a).
2026-04-05T02:14:02.815748+00:00 linux gnome-shell[3444]: Window manager warning: Overwriting existing binding of keysym 33 with keysym 33 (keycode c).
2026-04-05T02:14:02.815757+00:00 linux gnome-shell[3444]: Window manager warning: Overwriting existing binding of keysym 36 with keysym 36 (keycode f).
2026-04-05T02:14:02.815766+00:00 linux gnome-shell[3444]: Window manager warning: Overwriting existing binding of keysym 32 with keysym 32 (keycode b).
2026-04-05T02:14:02.815774+00:00 linux gnome-shell[3444]: Window manager warning: Overwriting existing binding of keysym 33 with keysym 33 (keycode c).
2026-04-05T02:14:02.815781+00:00 linux gnome-shell[3444]: Window manager warning: Overwriting existing binding of keysym 37 with keysym 37 (keycode 10).
2026-04-05T02:14:02.815795+00:00 linux gnome-shell[3444]: Window manager warning: Overwriting existing binding of keysym 38 with keysym 38 (keycode 11).
2026-04-05T02:14:02.815805+00:00 linux gnome-shell[3444]: Window manager warning: Overwriting existing binding of keysym 39 with keysym 39 (keycode 12).
2026-04-05T02:14:02.815814+00:00 linux gnome-shell[3444]: Window manager warning: Overwriting existing binding of keysym 34 with keysym 34 (keycode d).
2026-04-05T02:14:02.815822+00:00 linux gnome-shell[3444]: Window manager warning: Overwriting existing binding of keysym 38 with keysym 38 (keycode 11).
2026-04-05T02:14:02.815829+00:00 linux gnome-shell[3444]: Window manager warning: Overwriting existing binding of keysym 37 with keysym 37 (keycode 10).
2026-04-05T02:14:02.815837+00:00 linux gnome-shell[3444]: Window manager warning: Overwriting existing binding of keysym 35 with keysym 35 (keycode e).
2026-04-05T02:14:02.815845+00:00 linux gnome-shell[3444]: Window manager warning: Overwriting existing binding of keysym 36 with keysym 36 (keycode f).
2026-04-05T02:14:02.815852+00:00 linux gnome-shell[3444]: Window manager warning: Overwriting existing binding of keysym 39 with keysym 39 (keycode 12).
2026-04-05T02:14:02.815892+00:00 linux gnome-shell[3444]: GFileInfo created without standard::icon
2026-04-05T02:14:02.815936+00:00 linux gnome-shell[3444]: file ../../../gio/gfileinfo.c: line 1765 (g_file_info_get_icon): should not be reached
2026-04-05T02:14:02.838142+00:00 linux gnome-shell[3444]: DING: (gjs:9334): Gjs-WARNING **: 02:14:02.837: GLib.unix_signal_add has been moved to a separate platform-specific library. Please update your code to use GLibUnix.signal_add instead.
2026-04-05T02:14:02.838254+00:00 linux gnome-shell[3444]: DING: 0 DesktopManager() ["/usr/share/gnome-shell/extensions/ding@rastersoft.com/app/desktopManager.js":264:12]
2026-04-05T02:14:02.838409+00:00 linux gnome-shell[3444]: DING: 1 anonymous() ["/usr/share/gnome-shell/extensions/ding@rastersoft.com/app/ding.js":180:25]
2026-04-05T02:14:02.838460+00:00 linux gnome-shell[3444]: DING: 2 anonymous() ["/usr/share/gnome-shell/extensions/ding@rastersoft.com/app/ding.js":197:20]
2026-04-05T02:14:02.838500+00:00 linux gnome-shell[3444]: DING: 3 <TOP LEVEL> ["/usr/share/gnome-shell/extensions/ding@rastersoft.com/app/ding.js":206:12]
2026-04-05T02:14:02.864444+00:00 linux pipewire[3275]: spa.alsa: front:0p: (46 suppressed) snd_pcm_avail after recover: Broken pipe
2026-04-05T02:14:02.886227+00:00 linux gnome-shell[3444]: DING: DBus interface for Switcheroo control (net.hadess.SwitcherooControl) is now available.
2026-04-05T02:14:02.887110+00:00 linux gnome-shell[3444]: DING: DBus interface for Nautilus (org.gnome.Nautilus.FileOperations2) is now available.
2026-04-05T02:14:02.887180+00:00 linux gnome-shell[3444]: DING: DBus interface for Nautilus (org.freedesktop.FileManager1) is now available.
2026-04-05T02:14:02.887704+00:00 linux gnome-shell[3444]: DING: DBus interface for Gvfs daemon (org.gtk.vfs.Metadata) is now available.
2026-04-05T02:14:02.897880+00:00 linux dbus-daemon[3287]: [session uid=1000 pid=3287] Successfully activated service 'org.gnome.ArchiveManager1'
2026-04-05T02:14:02.908156+00:00 linux gnome-shell[3444]: DING: ** Message: 02:14:02.898: Connecting to org.freedesktop.Tracker3.Miner.Files
2026-04-05T02:14:02.909960+00:00 linux gnome-shell[3444]: DING: GNOME nautilus 46.4
2026-04-05T02:14:02.910067+00:00 linux gnome-shell[3444]: DING: DBus interface for File-roller (org.gnome.ArchiveManager1) is now available.
2026-04-05T02:14:02.914888+00:00 linux gnome-shell[3444]: Received notification for window. 0 notifications remaining.
2026-04-05T02:14:04.852206+00:00 linux pipewire[3275]: spa.alsa: front:0p: (46 suppressed) snd_pcm_avail after recover: Broken pipe
2026-04-05T02:14:26.915831+00:00 linux pipewire[3275]: message repeated 11 times: [ spa.alsa: front:0p: (46 suppressed) snd_pcm_avail after recover: Broken pipe]
2026-04-05T02:14:28.215877+00:00 linux systemd[1]: fprintd.service: Deactivated successfully.
2026-04-05T02:14:28.921551+00:00 linux pipewire[3275]: spa.alsa: front:0p: (46 suppressed) snd_pcm_avail after recover: Broken pipe
2026-04-05T02:15:01.012621+00:00 linux pipewire[3275]: message repeated 16 times: [ spa.alsa: front:0p: (46 suppressed) snd_pcm_avail after recover: Broken pipe]
2026-04-05T02:15:01.042236+00:00 linux CRON[9391]: (root) CMD (command -v debian-sa1 > /dev/null && debian-sa1 1 1)
2026-04-05T02:15:03.021798+00:00 linux pipewire[3275]: spa.alsa: front:0p: (46 suppressed) snd_pcm_avail after recover: Broken pipe
2026-04-05T02:16:03.191668+00:00 linux pipewire[3275]: message repeated 30 times: [ spa.alsa: front:0p: (46 suppressed) snd_pcm_avail after recover: Broken pipe]
2026-04-05T02:16:05.195991+00:00 linux pipewire[3275]: spa.alsa: front:0p: (46 suppressed) snd_pcm_avail after recover: Broken pipe
2026-04-05T02:16:07.201843+00:00 linux pipewire[3275]: spa.alsa: front:0p: (46 suppressed) snd_pcm_avail after recover: Broken pipe
2026-04-05T02:16:11.213453+00:00 linux pipewire[3275]: message repeated 2 times: [ spa.alsa: front:0p: (46 suppressed) snd_pcm_avail after recover: Broken pipe]
2026-04-05T02:16:13.220277+00:00 linux pipewire[3275]: spa.alsa: front:0p: (46 suppressed) snd_pcm_avail after recover: Broken pipe
2026-04-05T02:16:59.353655+00:00 linux pipewire[3275]: message repeated 23 times: [ spa.alsa: front:0p: (46 suppressed) snd_pcm_avail after recover: Broken pipe]
2026-04-05T02:17:01.061705+00:00 linux CRON[9414]: (root) CMD (cd / && run-parts --report /etc/cron.hourly)
2026-04-05T02:17:01.358872+00:00 linux pipewire[3275]: spa.alsa: front:0p: (46 suppressed) snd_pcm_avail after recover: Broken pipe
2026-04-05T02:20:09.900104+00:00 linux pipewire[3275]: message repeated 94 times: [ spa.alsa: front:0p: (46 suppressed) snd_pcm_avail after recover: Broken pipe]
2026-04-05T02:20:10.500661+00:00 linux systemd[1]: Starting sysstat-collect.service - system activity accounting tool...
2026-04-05T02:20:10.517230+00:00 linux systemd[1]: sysstat-collect.service: Deactivated successfully.
2026-04-05T02:20:10.517654+00:00 linux systemd[1]: Finished sysstat-collect.service - system activity accounting tool.
2026-04-05T02:20:11.904357+00:00 linux pipewire[3275]: spa.alsa: front:0p: (46 suppressed) snd_pcm_avail after recover: Broken pipe
2026-04-05T02:23:50.534808+00:00 linux pipewire[3275]: message repeated 109 times: [ spa.alsa: front:0p: (46 suppressed) snd_pcm_avail after recover: Broken pipe]
2026-04-05T02:23:52.538794+00:00 linux pipewire[3275]: spa.alsa: front:0p: (46 suppressed) snd_pcm_avail after recover: Broken pipe
2026-04-05T02:25:00.740599+00:00 linux pipewire[3275]: message repeated 34 times: [ spa.alsa: front:0p: (46 suppressed) snd_pcm_avail after recover: Broken pipe]
2026-04-05T02:25:01.099575+00:00 linux CRON[9429]: (root) CMD (command -v debian-sa1 > /dev/null && debian-sa1 1 1)
2026-04-05T02:25:02.745107+00:00 linux pipewire[3275]: spa.alsa: front:0p: (46 suppressed) snd_pcm_avail after recover: Broken pipe
2026-04-05T02:29:07.444167+00:00 linux pipewire[3275]: message repeated 122 times: [ spa.alsa: front:0p: (46 suppressed) snd_pcm_avail after recover: Broken pipe]
2026-04-05T02:29:08.006491+00:00 linux rtkit-daemon[1381]: Successfully made thread 3461 of process 3444 owned by '1000' high priority at nice level 0.
2026-04-05T02:29:08.007891+00:00 linux rtkit-daemon[1381]: Supervising 1 threads of 1 processes of 1 users.
2026-04-05T02:29:08.008282+00:00 linux rtkit-daemon[1381]: Supervising 0 threads of 0 processes of 1 users.
2026-04-05T02:29:08.008530+00:00 linux rtkit-daemon[1381]: Supervising 0 threads of 0 processes of 1 users.
2026-04-05T02:29:08.009811+00:00 linux rtkit-daemon[1381]: Successfully made thread 3461 of process 3444 owned by '1000' RT at priority 20.
2026-04-05T02:29:08.010129+00:00 linux rtkit-daemon[1381]: Supervising 1 threads of 1 processes of 1 users.
2026-04-05T02:29:08.091164+00:00 linux update-notifier[4197]: gtk_widget_get_scale_factor: assertion 'GTK_IS_WIDGET (widget)' failed
2026-04-05T02:29:08.091280+00:00 linux update-notifier[4197]: gtk_widget_get_scale_factor: assertion 'GTK_IS_WIDGET (widget)' failed
2026-04-05T02:29:09.013253+00:00 linux gnome-shell[3444]: Cursor update failed: drmModeAtomicCommit: Invalid argument
2026-04-05T02:29:09.449377+00:00 linux pipewire[3275]: spa.alsa: front:0p: (46 suppressed) snd_pcm_avail after recover: Broken pipe
2026-04-05T02:30:09.629930+00:00 linux pipewire[3275]: message repeated 30 times: [ spa.alsa: front:0p: (46 suppressed) snd_pcm_avail after recover: Broken pipe]
2026-04-05T02:30:10.497718+00:00 linux systemd[1]: Starting sysstat-collect.service - system activity accounting tool...
2026-04-05T02:30:10.525734+00:00 linux systemd[1]: sysstat-collect.service: Deactivated successfully.
2026-04-05T02:30:10.526125+00:00 linux systemd[1]: Finished sysstat-collect.service - system activity accounting tool.
2026-04-05T02:30:11.628075+00:00 linux pipewire[3275]: spa.alsa: front:0p: (46 suppressed) snd_pcm_avail after recover: Broken pipe
2026-04-05T02:35:00.456604+00:00 linux pipewire[3275]: message repeated 144 times: [ spa.alsa: front:0p: (46 suppressed) snd_pcm_avail after recover: Broken pipe]
2026-04-05T02:35:01.128057+00:00 linux CRON[9452]: (root) CMD (command -v debian-sa1 > /dev/null && debian-sa1 1 1)
2026-04-05T02:35:02.478500+00:00 linux pipewire[3275]: spa.alsa: front:0p: (46 suppressed) snd_pcm_avail after recover: Broken pipe
2026-04-05T02:39:47.282399+00:00 linux pipewire[3275]: message repeated 142 times: [ spa.alsa: front:0p: (46 suppressed) snd_pcm_avail after recover: Broken pipe]
2026-04-05T02:39:47.461066+00:00 linux systemd[1]: Starting man-db.service - Daily man-db regeneration...
2026-04-05T02:39:47.624573+00:00 linux systemd[1]: man-db.service: Deactivated successfully.
2026-04-05T02:39:47.624632+00:00 linux systemd[1]: Finished man-db.service - Daily man-db regeneration.
2026-04-05T02:39:49.286631+00:00 linux pipewire[3275]: spa.alsa: front:0p: (46 suppressed) snd_pcm_avail after recover: Broken pipe
2026-04-05T02:40:09.360773+00:00 linux pipewire[3275]: message repeated 10 times: [ spa.alsa: front:0p: (46 suppressed) snd_pcm_avail after recover: Broken pipe]
2026-04-05T02:40:10.501373+00:00 linux systemd[1]: Starting sysstat-collect.service - system activity accounting tool...
2026-04-05T02:40:10.505638+00:00 linux systemd[1]: sysstat-collect.service: Deactivated successfully.
2026-04-05T02:40:10.505909+00:00 linux systemd[1]: Finished sysstat-collect.service - system activity accounting tool.
2026-04-05T02:40:11.355435+00:00 linux pipewire[3275]: spa.alsa: front:0p: (46 suppressed) snd_pcm_avail after recover: Broken pipe
2026-04-05T02:45:00.188444+00:00 linux pipewire[3275]: message repeated 144 times: [ spa.alsa: front:0p: (46 suppressed) snd_pcm_avail after recover: Broken pipe]
2026-04-05T02:45:01.157138+00:00 linux CRON[9472]: (root) CMD (command -v debian-sa1 > /dev/null && debian-sa1 1 1)
2026-04-05T02:45:02.193450+00:00 linux pipewire[3275]: spa.alsa: front:0p: (46 suppressed) snd_pcm_avail after recover: Broken pipe
2026-04-05T20:56:30.416619+00:00 linux systemd-modules-load[326]: Inserted module 'dm_multipath'
2026-04-05T20:56:30.417072+00:00 linux systemd[1]: modprobe@drm.service: Deactivated successfully.
2026-04-05T20:56:30.417076+00:00 linux systemd[1]: Finished modprobe@drm.service - Load Kernel Module drm.
2026-04-05T20:56:30.417077+00:00 linux systemd[1]: modprobe@efi_pstore.service: Deactivated successfully.
2026-04-05T20:56:30.417079+00:00 linux systemd[1]: Finished modprobe@efi_pstore.service - Load Kernel Module efi_pstore.
2026-04-05T20:56:30.417081+00:00 linux systemd[1]: modprobe@fuse.service: Deactivated successfully.
2026-04-05T20:56:30.417082+00:00 linux systemd[1]: Finished modprobe@fuse.service - Load Kernel Module fuse.
2026-04-05T20:56:30.417083+00:00 linux systemd[1]: modprobe@loop.service: Deactivated successfully.
2026-04-05T20:56:30.417085+00:00 linux systemd[1]: Finished modprobe@loop.service - Load Kernel Module loop.
2026-04-05T20:56:30.417086+00:00 linux systemd[1]: Finished systemd-modules-load.service - Load Kernel Modules.
2026-04-05T20:56:30.417087+00:00 linux systemd[1]: Finished systemd-remount-fs.service - Remount Root and Kernel File Systems.
2026-04-05T20:56:30.417088+00:00 linux systemd[1]: Mounting sys-fs-fuse-connections.mount - FUSE Control File System...
2026-04-05T20:56:30.417090+00:00 linux systemd[1]: Mounting sys-kernel-config.mount - Kernel Configuration File System...
2026-04-05T20:56:30.417091+00:00 linux systemd[1]: Starting multipathd.service - Device-Mapper Multipath Device Controller...
2026-04-05T20:56:30.417093+00:00 linux systemd[1]: systemd-hwdb-update.service - Rebuild Hardware Database was skipped because of an unmet condition check (ConditionNeedsUpdate=/etc).
2026-04-05T20:56:30.417094+00:00 linux systemd[1]: Starting systemd-journal-flush.service - Flush Journal to Persistent Storage...
2026-04-05T20:56:30.417095+00:00 linux systemd[1]: systemd-pstore.service - Platform Persistent Storage Archival was skipped because of an unmet condition check (ConditionDirectoryNotEmpty=/sys/fs/pstore).
2026-04-05T20:56:30.417096+00:00 linux systemd[1]: Starting systemd-random-seed.service - Load/Save OS Random Seed...
2026-04-05T20:56:30.417097+00:00 linux systemd[1]: systemd-repart.service - Repartition Root Disk was skipped because no trigger condition checks were met.
2026-04-05T20:56:30.417099+00:00 linux systemd[1]: Starting systemd-sysctl.service - Apply Kernel Variables...
2026-04-05T20:56:30.417100+00:00 linux systemd[1]: Starting systemd-tmpfiles-setup-dev-early.service - Create Static Device Nodes in /dev gracefully...
2026-04-05T20:56:30.417102+00:00 linux systemd[1]: systemd-tpm2-setup.service - TPM2 SRK Setup was skipped because of an unmet condition check (ConditionSecurity=measured-uki).
2026-04-05T20:56:30.417103+00:00 linux systemd[1]: Finished keyboard-setup.service - Set the console keyboard layout.
2026-04-05T20:56:30.417104+00:00 linux systemd[1]: Finished lvm2-monitor.service - Monitoring of LVM2 mirrors, snapshots etc. using dmeventd or progress polling.
2026-04-05T20:56:30.417106+00:00 linux multipathd[358]: multipathd v0.9.4: start up
2026-04-05T20:56:30.417108+00:00 linux multipathd[358]: reconfigure: setting up paths and maps
2026-04-05T20:56:30.417109+00:00 linux multipathd[358]: sda: failed to get udev uid: No data available
2026-04-05T20:56:30.417110+00:00 linux multipathd[358]: sdb: failed to get udev uid: No data available
2026-04-05T20:56:30.417112+00:00 linux systemd[1]: Mounted sys-fs-fuse-connections.mount - FUSE Control File System.
2026-04-05T20:56:30.417113+00:00 linux systemd[1]: Mounted sys-kernel-config.mount - Kernel Configuration File System.
2026-04-05T20:56:30.417114+00:00 linux systemd[1]: Finished systemd-random-seed.service - Load/Save OS Random Seed.
2026-04-05T20:56:30.417116+00:00 linux systemd[1]: Finished systemd-sysctl.service - Apply Kernel Variables.
2026-04-05T20:56:30.417117+00:00 linux systemd[1]: Finished systemd-udev-trigger.service - Coldplug All udev Devices.
2026-04-05T20:56:30.417118+00:00 linux systemd[1]: Finished systemd-tmpfiles-setup-dev-early.service - Create Static Device Nodes in /dev gracefully.
2026-04-05T20:56:30.417120+00:00 linux systemd[1]: systemd-sysusers.service - Create System Users was skipped because no trigger condition checks were met.
2026-04-05T20:56:30.417121+00:00 linux systemd[1]: Starting systemd-tmpfiles-setup-dev.service - Create Static Device Nodes in /dev...
2026-04-05T20:56:30.417122+00:00 linux systemd[1]: Finished systemd-tmpfiles-setup-dev.service - Create Static Device Nodes in /dev.
2026-04-05T20:56:30.417124+00:00 linux systemd[1]: Starting systemd-udevd.service - Rule-based Manager for Device Events and Files...
2026-04-05T20:56:30.417126+00:00 linux systemd[1]: Started multipathd.service - Device-Mapper Multipath Device Controller.
2026-04-05T20:56:30.417127+00:00 linux systemd[1]: Reached target local-fs-pre.target - Preparation for Local File Systems.
2026-04-05T20:56:30.417129+00:00 linux systemd[1]: Mounting snap-bare-5.mount - Mount unit for bare, revision 5...
2026-04-05T20:56:30.417130+00:00 linux systemd[1]: Mounting snap-core22-2194.mount - Mount unit for core22, revision 2194...
2026-04-05T20:56:30.417131+00:00 linux systemd[1]: Mounting snap-core22-2293.mount - Mount unit for core22, revision 2293...
2026-04-05T20:56:30.417133+00:00 linux systemd[1]: Mounting snap-firefox-7669.mount - Mount unit for firefox, revision 7669...
2026-04-05T20:56:30.417134+00:00 linux systemd[1]: Mounting snap-firefox-7715.mount - Mount unit for firefox, revision 7715...
2026-04-05T20:56:30.417135+00:00 linux systemd[1]: Mounting snap-gnome\x2d42\x2d2204-245.mount - Mount unit for gnome-42-2204, revision 245...
2026-04-05T20:56:30.417136+00:00 linux systemd-udevd[379]: Using default interface naming scheme 'v255'.
2026-04-05T20:56:30.417137+00:00 linux systemd[1]: Mounting snap-gtk\x2dcommon\x2dthemes-1535.mount - Mount unit for gtk-common-themes, revision 1535...
2026-04-05T20:56:30.417139+00:00 linux systemd[1]: Mounting snap-snapd-25939.mount - Mount unit for snapd, revision 25939...
2026-04-05T20:56:30.417140+00:00 linux systemd[1]: Mounting snap-thunderbird-1004.mount - Mount unit for thunderbird, revision 1004...
2026-04-05T20:56:30.417142+00:00 linux systemd[1]: Mounting snap-thunderbird-1037.mount - Mount unit for thunderbird, revision 1037...
2026-04-05T20:56:30.417143+00:00 linux systemd[1]: Mounted snap-bare-5.mount - Mount unit for bare, revision 5.
2026-04-05T20:56:30.417145+00:00 linux systemd[1]: Mounted snap-core22-2194.mount - Mount unit for core22, revision 2194.
2026-04-05T20:56:30.417146+00:00 linux systemd[1]: Mounted snap-core22-2293.mount - Mount unit for core22, revision 2293.
2026-04-05T20:56:30.417148+00:00 linux systemd[1]: Mounted snap-firefox-7669.mount - Mount unit for firefox, revision 7669.
2026-04-05T20:56:30.417149+00:00 linux systemd[1]: Mounted snap-firefox-7715.mount - Mount unit for firefox, revision 7715.
2026-04-05T20:56:30.417150+00:00 linux systemd[1]: Mounted snap-gnome\x2d42\x2d2204-245.mount - Mount unit for gnome-42-2204, revision 245.
2026-04-05T20:56:30.417151+00:00 linux systemd[1]: Mounted snap-gtk\x2dcommon\x2dthemes-1535.mount - Mount unit for gtk-common-themes, revision 1535.
2026-04-05T20:56:30.417152+00:00 linux systemd[1]: Mounted snap-snapd-25939.mount - Mount unit for snapd, revision 25939.
2026-04-05T20:56:30.417154+00:00 linux systemd[1]: Mounted snap-thunderbird-1004.mount - Mount unit for thunderbird, revision 1004.
2026-04-05T20:56:30.417155+00:00 linux systemd[1]: Mounted snap-thunderbird-1037.mount - Mount unit for thunderbird, revision 1037.
2026-04-05T20:56:30.417156+00:00 linux systemd[1]: Reached target snapd.mounts.target - Mounted snaps.
2026-04-05T20:56:30.417157+00:00 linux systemd[1]: Finished systemd-journal-flush.service - Flush Journal to Persistent Storage.
2026-04-05T20:56:30.417158+00:00 linux systemd[1]: Started systemd-udevd.service - Rule-based Manager for Device Events and Files.
2026-04-05T20:56:30.417160+00:00 linux multipath: sdb: failed to get sysfs uid: No such file or directory
2026-04-05T20:56:30.417163+00:00 linux systemd[1]: Starting plymouth-start.service - Show Plymouth Boot Screen...
2026-04-05T20:56:30.417164+00:00 linux multipath: sda: failed to get sysfs uid: No such file or directory
2026-04-05T20:56:30.417166+00:00 linux systemd[1]: Started plymouth-start.service - Show Plymouth Boot Screen.
2026-04-05T20:56:30.417167+00:00 linux multipath: sdb: failed to get sgio uid: No data available
2026-04-05T20:56:30.417168+00:00 linux systemd[1]: systemd-ask-password-console.path - Dispatch Password Requests to Console Directory Watch was skipped because of an unmet condition check (ConditionPathExists=!/run/plymouth/pid).
2026-04-05T20:56:30.417170+00:00 linux multipath: sda: failed to get sgio uid: No data available
2026-04-05T20:56:30.417171+00:00 linux systemd[1]: Started systemd-ask-password-plymouth.path - Forward Password Requests to Plymouth Directory Watch.
2026-04-05T20:56:30.417172+00:00 linux mtp-probe: checking bus 1, device 3: "/sys/devices/pci0000:00/0000:00:06.0/usb1/1-2"
2026-04-05T20:56:30.417173+00:00 linux systemd[1]: Reached target cryptsetup.target - Local Encrypted Volumes.
2026-04-05T20:56:30.417174+00:00 linux mtp-probe: bus: 1, device: 3 was not an MTP device
2026-04-05T20:56:30.417175+00:00 linux mtp-probe: checking bus 1, device 2: "/sys/devices/pci0000:00/0000:00:06.0/usb1/1-1"
2026-04-05T20:56:30.417177+00:00 linux mtp-probe: bus: 1, device: 2 was not an MTP device
2026-04-05T20:56:30.417179+00:00 linux multipathd[358]: sdb: failed to get udev uid: No data available
2026-04-05T20:56:30.417180+00:00 linux multipathd[358]: sdb: failed to get path uid
2026-04-05T20:56:30.417181+00:00 linux multipathd[358]: uevent trigger error
2026-04-05T20:56:30.417182+00:00 linux multipathd[358]: sda: failed to get udev uid: No data available
2026-04-05T20:56:30.417183+00:00 linux multipathd[358]: sda: failed to get path uid
2026-04-05T20:56:30.417185+00:00 linux multipathd[358]: uevent trigger error
2026-04-05T20:56:30.417186+00:00 linux systemd[1]: Found device dev-disk-by\x2duuid-D462\x2d0EC0.device - HARDDISK 1.
2026-04-05T20:56:30.417188+00:00 linux systemd[1]: Starting systemd-fsck@dev-disk-by\x2duuid-D462\x2d0EC0.service - File System Check on /dev/disk/by-uuid/D462-0EC0...
2026-04-05T20:56:30.417189+00:00 linux systemd[1]: Started systemd-fsckd.service - File System Check Daemon to report status.
2026-04-05T20:56:30.417190+00:00 linux systemd-fsck[500]: fsck.fat 4.2 (2021-01-31)
2026-04-05T20:56:30.417192+00:00 linux systemd-fsck[500]: There are differences between boot sector and its backup.
2026-04-05T20:56:30.417194+00:00 linux systemd-fsck[500]: This is mostly harmless. Differences: (offset:original/backup)
2026-04-05T20:56:30.417195+00:00 linux systemd-fsck[500]:   65:01/00
2026-04-05T20:56:30.417196+00:00 linux systemd-fsck[500]:   Not automatically fixing this.
2026-04-05T20:56:30.417197+00:00 linux systemd-fsck[500]: Dirty bit is set. Fs was not properly unmounted and some data may be corrupt.
2026-04-05T20:56:30.417198+00:00 linux systemd-fsck[500]:  Automatically removing dirty bit.
2026-04-05T20:56:30.417199+00:00 linux systemd-fsck[500]: *** Filesystem was changed ***
2026-04-05T20:56:30.417201+00:00 linux systemd-fsck[500]: Writing changes.
2026-04-05T20:56:30.417203+00:00 linux systemd-fsck[500]: /dev/sda1: 11 files, 1629/274658 clusters
2026-04-05T20:56:30.417204+00:00 linux systemd[1]: Finished systemd-fsck@dev-disk-by\x2duuid-D462\x2d0EC0.service - File System Check on /dev/disk/by-uuid/D462-0EC0.
2026-04-05T20:56:30.417205+00:00 linux systemd[1]: Listening on systemd-rfkill.socket - Load/Save RF Kill Switch Status /dev/rfkill Watch.
2026-04-05T20:56:30.417207+00:00 linux systemd[1]: systemd-ask-password-console.path - Dispatch Password Requests to Console Directory Watch was skipped because of an unmet condition check (ConditionPathExists=!/run/plymouth/pid).
2026-04-05T20:56:30.417208+00:00 linux systemd[1]: Starting modprobe@dm_mod.service - Load Kernel Module dm_mod...
2026-04-05T20:56:30.417209+00:00 linux systemd[1]: Starting modprobe@efi_pstore.service - Load Kernel Module efi_pstore...
2026-04-05T20:56:30.417211+00:00 linux systemd[1]: Starting modprobe@loop.service - Load Kernel Module loop...
2026-04-05T20:56:30.417212+00:00 linux systemd[1]: netplan-ovs-cleanup.service - OpenVSwitch configuration for cleanup was skipped because of an unmet condition check (ConditionFileIsExecutable=/usr/bin/ovs-vsctl).
2026-04-05T20:56:30.417213+00:00 linux systemd[1]: systemd-fsck-root.service - File System Check on Root Device was skipped because of an unmet condition check (ConditionPathExists=!/run/initramfs/fsck-root).
2026-04-05T20:56:30.417214+00:00 linux systemd[1]: systemd-hwdb-update.service - Rebuild Hardware Database was skipped because of an unmet condition check (ConditionNeedsUpdate=/etc).
2026-04-05T20:56:30.417216+00:00 linux systemd[1]: systemd-pcrmachine.service - TPM2 PCR Machine ID Measurement was skipped because of an unmet condition check (ConditionSecurity=measured-uki).
2026-04-05T20:56:30.417217+00:00 linux systemd[1]: systemd-sysusers.service - Create System Users was skipped because no trigger condition checks were met.
2026-04-05T20:56:30.417219+00:00 linux systemd[1]: systemd-tpm2-setup-early.service - TPM2 SRK Setup (Early) was skipped because of an unmet condition check (ConditionSecurity=measured-uki).
2026-04-05T20:56:30.417220+00:00 linux systemd[1]: systemd-tpm2-setup.service - TPM2 SRK Setup was skipped because of an unmet condition check (ConditionSecurity=measured-uki).
2026-04-05T20:56:30.417221+00:00 linux systemd[1]: modprobe@dm_mod.service: Deactivated successfully.
2026-04-05T20:56:30.417222+00:00 linux systemd[1]: Finished modprobe@dm_mod.service - Load Kernel Module dm_mod.
2026-04-05T20:56:30.417224+00:00 linux systemd[1]: modprobe@efi_pstore.service: Deactivated successfully.
2026-04-05T20:56:30.417226+00:00 linux systemd[1]: Finished modprobe@efi_pstore.service - Load Kernel Module efi_pstore.
2026-04-05T20:56:30.417227+00:00 linux systemd[1]: systemd-pstore.service - Platform Persistent Storage Archival was skipped because of an unmet condition check (ConditionDirectoryNotEmpty=/sys/fs/pstore).
2026-04-05T20:56:30.417228+00:00 linux systemd[1]: modprobe@loop.service: Deactivated successfully.
2026-04-05T20:56:30.417229+00:00 linux systemd[1]: Finished modprobe@loop.service - Load Kernel Module loop.
2026-04-05T20:56:30.416717+00:00 linux kernel: Booting Linux on physical CPU 0x0000000000 [0x610f0000]
2026-04-05T20:56:30.418253+00:00 linux kernel: Linux version 6.8.0-106-generic (buildd@bos03-arm64-013) (aarch64-linux-gnu-gcc-13 (Ubuntu 13.3.0-6ubuntu2~24.04.1) 13.3.0, GNU ld (GNU Binutils for Ubuntu) 2.42) #106-Ubuntu SMP PREEMPT_DYNAMIC Fri Mar  6 07:44:40 UTC 2026 (Ubuntu 6.8.0-106.106-generic 6.8.12)
2026-04-05T20:56:30.418254+00:00 linux kernel: KASLR disabled due to lack of seed
2026-04-05T20:56:30.418255+00:00 linux kernel: efi: EFI v2.7 by EDK II
2026-04-05T20:56:30.418255+00:00 linux kernel: efi: ACPI 2.0=0x8613d018 MEMATTR=0x85edf298 MOKvar=0x859a0000 INITRD=0x85ecca18 MEMRESERVE=0x85ecc498 
2026-04-05T20:56:30.418255+00:00 linux kernel: secureboot: Secure boot disabled
2026-04-05T20:56:30.418256+00:00 linux kernel: ACPI: Early table checksum verification disabled
2026-04-05T20:56:30.418256+00:00 linux kernel: ACPI: RSDP 0x000000008613D018 000024 (v02 ORCLVB)
2026-04-05T20:56:30.418256+00:00 linux kernel: ACPI: XSDT 0x000000008613DF18 00004C (v01 ORCLVB ORCLFACP 00000001      01000013)
2026-04-05T20:56:30.418257+00:00 linux kernel: ACPI: FACP 0x000000008613DB18 000114 (v06 ORCLVB ORCLFACP 00000001 ORCL 00000001)
2026-04-05T20:56:30.418257+00:00 linux kernel: ACPI: DSDT 0x0000000085FC9018 0008E8 (v06 ORCL   VBOXDSDT 00000001 VBOX 00000001)
2026-04-05T20:56:30.418257+00:00 linux kernel: ACPI: GTDT 0x000000008613DC98 000068 (v06 ORCLVB ORCLGTDT 00000001 ORCL 00000001)
2026-04-05T20:56:30.418258+00:00 linux kernel: ACPI: APIC 0x000000008613DD98 0000F8 (v06 ORCLVB ORCLAPIC 00000001 ORCL 00000001)
2026-04-05T20:56:30.418258+00:00 linux kernel: ACPI: MCFG 0x000000008613D098 00003C (v06 ORCLVB ORCLMCFG 00000001 ORCL 00000001)
2026-04-05T20:56:30.418258+00:00 linux kernel: ACPI: BGRT 0x000000008613DA18 000038 (v01 INTEL  EDK2     00000002      01000013)
2026-04-05T20:56:30.418259+00:00 linux kernel: NUMA: Failed to initialise from firmware
2026-04-05T20:56:30.418259+00:00 linux kernel: NUMA: Faking a node at [mem 0x0000000008000000-0x0000000087ffffff]
2026-04-05T20:56:30.418259+00:00 linux kernel: NUMA: NODE_DATA [mem 0x87bfc5c0-0x87c01fff]
2026-04-05T20:56:30.418259+00:00 linux kernel: Zone ranges:
2026-04-05T20:56:30.418260+00:00 linux kernel:   DMA      [mem 0x0000000008000000-0x0000000087ffffff]
2026-04-05T20:56:30.418260+00:00 linux kernel:   DMA32    empty
2026-04-05T20:56:30.418261+00:00 linux kernel:   Normal   empty
2026-04-05T20:56:30.418261+00:00 linux kernel:   Device   empty
2026-04-05T20:56:30.418261+00:00 linux kernel: Movable zone start for each node
2026-04-05T20:56:30.418261+00:00 linux kernel: Early memory node ranges
2026-04-05T20:56:30.418262+00:00 linux kernel:   node   0: [mem 0x0000000008000000-0x000000008599ffff]
2026-04-05T20:56:30.418262+00:00 linux kernel:   node   0: [mem 0x00000000859a0000-0x00000000859affff]
2026-04-05T20:56:30.418262+00:00 linux kernel:   node   0: [mem 0x00000000859b0000-0x000000008615ffff]
2026-04-05T20:56:30.418263+00:00 linux kernel:   node   0: [mem 0x0000000086160000-0x000000008635ffff]
2026-04-05T20:56:30.418263+00:00 linux kernel:   node   0: [mem 0x0000000086360000-0x00000000863bffff]
2026-04-05T20:56:30.418263+00:00 linux kernel:   node   0: [mem 0x00000000863c0000-0x00000000864dffff]
2026-04-05T20:56:30.418263+00:00 linux kernel:   node   0: [mem 0x00000000864e0000-0x000000008663ffff]
2026-04-05T20:56:30.418264+00:00 linux kernel:   node   0: [mem 0x0000000086640000-0x000000008665ffff]
2026-04-05T20:56:30.418265+00:00 linux kernel:   node   0: [mem 0x0000000086660000-0x00000000872bffff]
2026-04-05T20:56:30.418265+00:00 linux kernel:   node   0: [mem 0x00000000872c0000-0x000000008769ffff]
2026-04-05T20:56:30.418266+00:00 linux kernel:   node   0: [mem 0x00000000876a0000-0x0000000087ffffff]
2026-04-05T20:56:30.418266+00:00 linux kernel: Initmem setup node 0 [mem 0x0000000008000000-0x0000000087ffffff]
2026-04-05T20:56:30.418266+00:00 linux kernel: cma: Reserved 32 MiB at 0x0000000081000000 on node -1
2026-04-05T20:56:30.418266+00:00 linux kernel: psci: probing for conduit method from ACPI.
2026-04-05T20:56:30.418267+00:00 linux kernel: psci: PSCIv1.2 detected in firmware.
2026-04-05T20:56:30.418267+00:00 linux kernel: psci: Using standard PSCI v0.2 function IDs
2026-04-05T20:56:30.418268+00:00 linux kernel: psci: Trusted OS migration not required
2026-04-05T20:56:30.418268+00:00 linux kernel: psci: SMC Calling Convention v1.0
2026-04-05T20:56:30.418268+00:00 linux kernel: percpu: Embedded 54 pages/cpu s95016 r8192 d117976 u221184
2026-04-05T20:56:30.418268+00:00 linux kernel: pcpu-alloc: s95016 r8192 d117976 u221184 alloc=54*4096
2026-04-05T20:56:30.418269+00:00 linux kernel: pcpu-alloc: [0] 0 [0] 1 
2026-04-05T20:56:30.418269+00:00 linux kernel: Detected PIPT I-cache on CPU0
2026-04-05T20:56:30.418269+00:00 linux kernel: CPU features: detected: Address authentication (IMP DEF algorithm)
2026-04-05T20:56:30.418270+00:00 linux kernel: CPU features: detected: GIC system register CPU interface
2026-04-05T20:56:30.418270+00:00 linux kernel: CPU features: detected: Spectre-v4
2026-04-05T20:56:30.418270+00:00 linux kernel: CPU features: detected: Spectre-BHB
2026-04-05T20:56:30.418270+00:00 linux kernel: alternatives: applying boot alternatives
2026-04-05T20:56:30.418271+00:00 linux kernel: Kernel command line: BOOT_IMAGE=/boot/vmlinuz-6.8.0-106-generic root=UUID=0cd6d496-d666-4aeb-bba2-8249e557d986 ro quiet splash noprompt noshell automatic-ubiquity debian-installer/locale=en_US keyboard-configuration/layoutcode=us languagechooser/language-name=English localechooser/supported-locales=en_US.UTF-8 countrychooser/shortlist=US -- vt.handoff=7
2026-04-05T20:56:30.418271+00:00 linux kernel: Unknown kernel command line parameters "splash noprompt noshell automatic-ubiquity debian-installer/locale=en_US keyboard-configuration/layoutcode=us languagechooser/language-name=English localechooser/supported-locales=en_US.UTF-8 countrychooser/shortlist=US", will be passed to user space.
2026-04-05T20:56:30.418272+00:00 linux kernel: Dentry cache hash table entries: 262144 (order: 9, 2097152 bytes, linear)
2026-04-05T20:56:30.418272+00:00 linux kernel: Inode-cache hash table entries: 131072 (order: 8, 1048576 bytes, linear)
2026-04-05T20:56:30.418272+00:00 linux kernel: Fallback order for Node 0: 0 
2026-04-05T20:56:30.418273+00:00 linux kernel: Built 1 zonelists, mobility grouping on.  Total pages: 516096
2026-04-05T20:56:30.418273+00:00 linux kernel: Policy zone: DMA
2026-04-05T20:56:30.418273+00:00 linux kernel: mem auto-init: stack:all(zero), heap alloc:on, heap free:off
2026-04-05T20:56:30.418274+00:00 linux kernel: software IO TLB: SWIOTLB bounce buffer size adjusted to 2MB
2026-04-05T20:56:30.418274+00:00 linux kernel: software IO TLB: area num 2.
2026-04-05T20:56:30.418274+00:00 linux kernel: software IO TLB: mapped [mem 0x00000000870c0000-0x00000000872c0000] (2MB)
2026-04-05T20:56:30.418274+00:00 linux kernel: Memory: 1877148K/2097152K available (23488K kernel code, 5208K rwdata, 16440K rodata, 12288K init, 1233K bss, 187236K reserved, 32768K cma-reserved)
2026-04-05T20:56:30.418275+00:00 linux kernel: SLUB: HWalign=64, Order=0-3, MinObjects=0, CPUs=2, Nodes=1
2026-04-05T20:56:30.418276+00:00 linux kernel: ftrace: allocating 63084 entries in 247 pages
2026-04-05T20:56:30.418276+00:00 linux kernel: ftrace: allocated 247 pages with 7 groups
2026-04-05T20:56:30.418276+00:00 linux kernel: Dynamic Preempt: voluntary
2026-04-05T20:56:30.418276+00:00 linux kernel: rcu: Preemptible hierarchical RCU implementation.
2026-04-05T20:56:30.418276+00:00 linux kernel: rcu: 	RCU restricting CPUs from NR_CPUS=512 to nr_cpu_ids=2.
2026-04-05T20:56:30.418277+00:00 linux kernel: 	Trampoline variant of Tasks RCU enabled.
2026-04-05T20:56:30.418277+00:00 linux kernel: 	Rude variant of Tasks RCU enabled.
2026-04-05T20:56:30.418278+00:00 linux kernel: 	Tracing variant of Tasks RCU enabled.
2026-04-05T20:56:30.418278+00:00 linux kernel: rcu: RCU calculated value of scheduler-enlistment delay is 100 jiffies.
2026-04-05T20:56:30.418278+00:00 linux kernel: rcu: Adjusting geometry for rcu_fanout_leaf=16, nr_cpu_ids=2
2026-04-05T20:56:30.418278+00:00 linux kernel: RCU Tasks: Setting shift to 1 and lim to 1 rcu_task_cb_adjust=1 rcu_task_cpu_ids=2.
2026-04-05T20:56:30.418279+00:00 linux kernel: RCU Tasks Rude: Setting shift to 1 and lim to 1 rcu_task_cb_adjust=1 rcu_task_cpu_ids=2.
2026-04-05T20:56:30.418279+00:00 linux kernel: RCU Tasks Trace: Setting shift to 1 and lim to 1 rcu_task_cb_adjust=1 rcu_task_cpu_ids=2.
2026-04-05T20:56:30.418279+00:00 linux kernel: NR_IRQS: 64, nr_irqs: 64, preallocated irqs: 0
2026-04-05T20:56:30.418280+00:00 linux kernel: GICv3: 988 SPIs implemented
2026-04-05T20:56:30.418280+00:00 linux kernel: GICv3: 1024 Extended SPIs implemented
2026-04-05T20:56:30.418280+00:00 linux kernel: Root IRQ handler: gic_handle_irq
2026-04-05T20:56:30.418280+00:00 linux kernel: GICv3: GICv3 features: 80 PPIs, RSS
2026-04-05T20:56:30.418281+00:00 linux kernel: GICv3: CPU0: found redistributor 0 region 0:0x00000000fcd40000
2026-04-05T20:56:30.418281+00:00 linux kernel: rcu: srcu_init: Setting srcu_struct sizes based on contention.
2026-04-05T20:56:30.418282+00:00 linux kernel: arch_timer: cp15 timer(s) running at 24.00MHz (virt).
2026-04-05T20:56:30.418282+00:00 linux kernel: clocksource: arch_sys_counter: mask: 0xffffffffffffff max_cycles: 0x588fe9dc0, max_idle_ns: 440795202592 ns
2026-04-05T20:56:30.418282+00:00 linux kernel: sched_clock: 56 bits at 24MHz, resolution 41ns, wraps every 4398046511097ns
2026-04-05T20:56:30.418282+00:00 linux kernel: Console: colour dummy device 80x25
2026-04-05T20:56:30.418283+00:00 linux kernel: printk: legacy console [tty0] enabled
2026-04-05T20:56:30.418283+00:00 linux kernel: ACPI: Core revision 20230628
2026-04-05T20:56:30.418284+00:00 linux kernel: Calibrating delay loop (skipped), value calculated using timer frequency.. 48.00 BogoMIPS (lpj=24000)
2026-04-05T20:56:30.418284+00:00 linux kernel: pid_max: default: 32768 minimum: 301
2026-04-05T20:56:30.418284+00:00 linux kernel: LSM: initializing lsm=lockdown,capability,landlock,yama,apparmor,integrity
2026-04-05T20:56:30.418284+00:00 linux kernel: landlock: Up and running.
2026-04-05T20:56:30.418285+00:00 linux kernel: Yama: becoming mindful.
2026-04-05T20:56:30.418285+00:00 linux kernel: AppArmor: AppArmor initialized
2026-04-05T20:56:30.418285+00:00 linux kernel: Mount-cache hash table entries: 4096 (order: 3, 32768 bytes, linear)
2026-04-05T20:56:30.418286+00:00 linux kernel: Mountpoint-cache hash table entries: 4096 (order: 3, 32768 bytes, linear)
2026-04-05T20:56:30.418286+00:00 linux kernel: ACPI PPTT: No PPTT table found, CPU and cache topology may be inaccurate
2026-04-05T20:56:30.418286+00:00 linux kernel: cacheinfo: Unable to detect cache hierarchy for CPU 0
2026-04-05T20:56:30.418287+00:00 linux kernel: rcu: Hierarchical SRCU implementation.
2026-04-05T20:56:30.418287+00:00 linux kernel: rcu: 	Max phase no-delay instances is 400.
2026-04-05T20:56:30.418307+00:00 linux kernel: Remapping and enabling EFI services.
2026-04-05T20:56:30.418307+00:00 linux kernel: smp: Bringing up secondary CPUs ...
2026-04-05T20:56:30.418307+00:00 linux kernel: Detected PIPT I-cache on CPU1
2026-04-05T20:56:30.418308+00:00 linux kernel: GICv3: CPU1: found redistributor 1 region 0:0x00000000fcd60000
2026-04-05T20:56:30.418308+00:00 linux kernel: CPU1: Booted secondary processor 0x0000000001 [0x610f0000]
2026-04-05T20:56:30.418308+00:00 linux kernel: smp: Brought up 1 node, 2 CPUs
2026-04-05T20:56:30.418309+00:00 linux kernel: SMP: Total of 2 processors activated.
2026-04-05T20:56:30.418309+00:00 linux kernel: CPU: All CPU(s) started at EL1
2026-04-05T20:56:30.418309+00:00 linux kernel: CPU features: detected: ARMv8.4 Translation Table Level
2026-04-05T20:56:30.418309+00:00 linux kernel: CPU features: detected: Data cache clean to the PoU not required for I/D coherence
2026-04-05T20:56:30.418310+00:00 linux kernel: CPU features: detected: Common not Private translations
2026-04-05T20:56:30.418310+00:00 linux kernel: CPU features: detected: CRC32 instructions
2026-04-05T20:56:30.418311+00:00 linux kernel: CPU features: detected: Data cache clean to Point of Deep Persistence
2026-04-05T20:56:30.418311+00:00 linux kernel: CPU features: detected: Data cache clean to Point of Persistence
2026-04-05T20:56:30.418311+00:00 linux kernel: CPU features: detected: Data independent timing control (DIT)
2026-04-05T20:56:30.418311+00:00 linux kernel: CPU features: detected: E0PD
2026-04-05T20:56:30.418311+00:00 linux kernel: CPU features: detected: Fine Grained Traps
2026-04-05T20:56:30.418312+00:00 linux kernel: CPU features: detected: Generic authentication (IMP DEF algorithm)
2026-04-05T20:56:30.418312+00:00 linux kernel: CPU features: detected: RCpc load-acquire (LDAPR)
2026-04-05T20:56:30.418313+00:00 linux kernel: CPU features: detected: LSE atomic instructions
2026-04-05T20:56:30.418313+00:00 linux kernel: CPU features: detected: Privileged Access Never
2026-04-05T20:56:30.418313+00:00 linux kernel: CPU features: detected: RAS Extension Support
2026-04-05T20:56:30.418313+00:00 linux kernel: CPU features: detected: Speculation barrier (SB)
2026-04-05T20:56:30.418313+00:00 linux kernel: CPU features: detected: TLB range maintenance instructions
2026-04-05T20:56:30.418314+00:00 linux kernel: CPU features: detected: Speculative Store Bypassing Safe (SSBS)
2026-04-05T20:56:30.418315+00:00 linux kernel: alternatives: applying system-wide alternatives
2026-04-05T20:56:30.418315+00:00 linux kernel: devtmpfs: initialized
2026-04-05T20:56:30.418315+00:00 linux kernel: setend instruction emulation is not supported on this system
2026-04-05T20:56:30.418315+00:00 linux kernel: clocksource: jiffies: mask: 0xffffffff max_cycles: 0xffffffff, max_idle_ns: 1911260446275000 ns
2026-04-05T20:56:30.418316+00:00 linux kernel: futex hash table entries: 512 (order: 3, 32768 bytes, linear)
2026-04-05T20:56:30.418316+00:00 linux kernel: pinctrl core: initialized pinctrl subsystem
2026-04-05T20:56:30.418317+00:00 linux kernel: DMI not present or invalid.
2026-04-05T20:56:30.418317+00:00 linux kernel: NET: Registered PF_NETLINK/PF_ROUTE protocol family
2026-04-05T20:56:30.418317+00:00 linux kernel: DMA: preallocated 256 KiB GFP_KERNEL pool for atomic allocations
2026-04-05T20:56:30.418317+00:00 linux kernel: DMA: preallocated 256 KiB GFP_KERNEL|GFP_DMA pool for atomic allocations
2026-04-05T20:56:30.418318+00:00 linux kernel: DMA: preallocated 256 KiB GFP_KERNEL|GFP_DMA32 pool for atomic allocations
2026-04-05T20:56:30.418318+00:00 linux kernel: audit: initializing netlink subsys (disabled)
2026-04-05T20:56:30.418319+00:00 linux kernel: audit: type=2000 audit(0.013:1): state=initialized audit_enabled=0 res=1
2026-04-05T20:56:30.418319+00:00 linux kernel: thermal_sys: Registered thermal governor 'fair_share'
2026-04-05T20:56:30.418319+00:00 linux kernel: thermal_sys: Registered thermal governor 'bang_bang'
2026-04-05T20:56:30.418319+00:00 linux kernel: thermal_sys: Registered thermal governor 'step_wise'
2026-04-05T20:56:30.418319+00:00 linux kernel: thermal_sys: Registered thermal governor 'user_space'
2026-04-05T20:56:30.418320+00:00 linux kernel: thermal_sys: Registered thermal governor 'power_allocator'
2026-04-05T20:56:30.418320+00:00 linux kernel: cpuidle: using governor ladder
2026-04-05T20:56:30.418321+00:00 linux kernel: cpuidle: using governor menu
2026-04-05T20:56:30.418321+00:00 linux kernel: hw-breakpoint: found 6 breakpoint and 4 watchpoint registers.
2026-04-05T20:56:30.418321+00:00 linux kernel: ASID allocator initialised with 256 entries
2026-04-05T20:56:30.418321+00:00 linux kernel: acpiphp: ACPI Hot Plug PCI Controller Driver version: 0.5
2026-04-05T20:56:30.418321+00:00 linux kernel: Serial: AMBA PL011 UART driver
2026-04-05T20:56:30.418322+00:00 linux kernel: Modules: 18048 pages in range for non-PLT usage
2026-04-05T20:56:30.418322+00:00 linux kernel: Modules: 509568 pages in range for PLT usage
2026-04-05T20:56:30.418323+00:00 linux kernel: HugeTLB: registered 1.00 GiB page size, pre-allocated 0 pages
2026-04-05T20:56:30.418323+00:00 linux kernel: HugeTLB: 0 KiB vmemmap can be freed for a 1.00 GiB page
2026-04-05T20:56:30.418323+00:00 linux kernel: HugeTLB: registered 32.0 MiB page size, pre-allocated 0 pages
2026-04-05T20:56:30.418323+00:00 linux kernel: HugeTLB: 0 KiB vmemmap can be freed for a 32.0 MiB page
2026-04-05T20:56:30.418323+00:00 linux kernel: HugeTLB: registered 2.00 MiB page size, pre-allocated 0 pages
2026-04-05T20:56:30.418324+00:00 linux kernel: HugeTLB: 0 KiB vmemmap can be freed for a 2.00 MiB page
2026-04-05T20:56:30.418324+00:00 linux kernel: HugeTLB: registered 64.0 KiB page size, pre-allocated 0 pages
2026-04-05T20:56:30.418325+00:00 linux kernel: HugeTLB: 0 KiB vmemmap can be freed for a 64.0 KiB page
2026-04-05T20:56:30.418325+00:00 linux kernel: ACPI: Added _OSI(Module Device)
2026-04-05T20:56:30.418325+00:00 linux kernel: ACPI: Added _OSI(Processor Device)
2026-04-05T20:56:30.418325+00:00 linux kernel: ACPI: Added _OSI(Processor Aggregator Device)
2026-04-05T20:56:30.418326+00:00 linux kernel: ACPI: 1 ACPI AML tables successfully acquired and loaded
2026-04-05T20:56:30.418326+00:00 linux kernel: ACPI: Interpreter enabled
2026-04-05T20:56:30.418326+00:00 linux kernel: ACPI: Using GIC for interrupt routing
2026-04-05T20:56:30.418327+00:00 linux kernel: ACPI: MCFG table detected, 1 entries
2026-04-05T20:56:30.418327+00:00 linux kernel: ACPI: PCI Root Bridge [PCI0] (domain 0000 [bus 00-0f])
2026-04-05T20:56:30.418327+00:00 linux kernel: acpi PNP0A08:00: _OSC: OS supports [ExtendedConfig ASPM ClockPM Segments MSI EDR HPX-Type3]
2026-04-05T20:56:30.418327+00:00 linux kernel: acpi PNP0A08:00: _OSC: OS requested [PCIeHotplug SHPCHotplug PME AER PCIeCapability LTR DPC]
2026-04-05T20:56:30.418328+00:00 linux kernel: acpi PNP0A08:00: _OSC: platform willing to grant [PCIeHotplug SHPCHotplug PME AER PCIeCapability LTR DPC]
2026-04-05T20:56:30.418328+00:00 linux kernel: acpi PNP0A08:00: _OSC: platform retains control of PCIe features (AE_NOT_FOUND)
2026-04-05T20:56:30.418328+00:00 linux kernel: acpi PNP0A08:00: ECAM area [mem 0xfedde000-0xffdddfff] reserved by PNP0C02:00
2026-04-05T20:56:30.418329+00:00 linux kernel: acpi PNP0A08:00: ECAM at [mem 0xfedde000-0xffdddfff] for [bus 00-0f]
2026-04-05T20:56:30.418329+00:00 linux kernel: ACPI: Remapped I/O 0x00000000fcd20000 to [io  0x0000-0xffff window]
2026-04-05T20:56:30.418329+00:00 linux kernel: PCI host bridge to bus 0000:00
2026-04-05T20:56:30.418330+00:00 linux kernel: pci_bus 0000:00: root bus resource [io  0x0000-0xffff window]
2026-04-05T20:56:30.418330+00:00 linux kernel: pci_bus 0000:00: root bus resource [mem 0x88000000-0x97ffffff window]
2026-04-05T20:56:30.418330+00:00 linux kernel: pci_bus 0000:00: root bus resource [mem 0xfcd20000-0xfcd2ffff window]
2026-04-05T20:56:30.418330+00:00 linux kernel: pci_bus 0000:00: root bus resource [bus 00-0f]
2026-04-05T20:56:30.418331+00:00 linux kernel: pci 0000:00:00.0: [15ad:0406] type 00 class 0x030000 conventional PCI endpoint
2026-04-05T20:56:30.418331+00:00 linux kernel: pci 0000:00:00.0: BAR 0 [mem 0x89400000-0x897fffff]
2026-04-05T20:56:30.418332+00:00 linux kernel: pci 0000:00:00.0: BAR 2 [mem 0x88000000-0x88ffffff pref]
2026-04-05T20:56:30.418332+00:00 linux kernel: pci 0000:00:01.0: [80ee:cafe] type 00 class 0x088000 conventional PCI endpoint
2026-04-05T20:56:30.418332+00:00 linux kernel: pci 0000:00:01.0: BAR 0 [io  0x0000-0x001f]
2026-04-05T20:56:30.418332+00:00 linux kernel: pci 0000:00:01.0: BAR 1 [mem 0x89000000-0x893fffff]
2026-04-05T20:56:30.418333+00:00 linux kernel: pci 0000:00:01.0: BAR 3 [mem 0x89836000-0x89836fff]
2026-04-05T20:56:30.418333+00:00 linux kernel: pci 0000:00:02.0: [8086:2668] type 00 class 0x040300 conventional PCI endpoint
2026-04-05T20:56:30.418333+00:00 linux kernel: pci 0000:00:02.0: BAR 0 [mem 0x89830000-0x89833fff]
2026-04-05T20:56:30.418334+00:00 linux kernel: pci 0000:00:03.0: [1af4:1048] type 00 class 0x010000 conventional PCI endpoint
2026-04-05T20:56:30.418334+00:00 linux kernel: pci 0000:00:03.0: BAR 2 [mem 0x89834000-0x89835fff]
2026-04-05T20:56:30.418334+00:00 linux kernel: pci 0000:00:04.0: [8086:2448] type 01 class 0x060401 conventional PCI bridge
2026-04-05T20:56:30.418334+00:00 linux kernel: pci 0000:00:04.0: PCI bridge to [bus 01] (subtractive decode)
2026-04-05T20:56:30.418335+00:00 linux kernel: pci 0000:00:06.0: [8086:1e31] type 00 class 0x0c0330 conventional PCI endpoint
2026-04-05T20:56:30.418335+00:00 linux kernel: pci 0000:00:06.0: BAR 0 [mem 0x89820000-0x8982ffff]
2026-04-05T20:56:30.418336+00:00 linux kernel: pci 0000:00:08.0: [8086:100e] type 00 class 0x020000 conventional PCI endpoint
2026-04-05T20:56:30.418336+00:00 linux kernel: pci 0000:00:08.0: BAR 0 [mem 0x89800000-0x8981ffff]
2026-04-05T20:56:30.418336+00:00 linux kernel: pci 0000:00:08.0: BAR 2 [io  0x0020-0x0027]
2026-04-05T20:56:30.418336+00:00 linux kernel: pci_bus 0000:01: extended config space not accessible
2026-04-05T20:56:30.418337+00:00 linux kernel: pci 0000:00:00.0: BAR 2 [mem 0x88000000-0x88ffffff pref]: assigned
2026-04-05T20:56:30.418337+00:00 linux kernel: pci 0000:00:00.0: BAR 0 [mem 0x89000000-0x893fffff]: assigned
2026-04-05T20:56:30.418337+00:00 linux kernel: pci 0000:00:01.0: BAR 1 [mem 0x89400000-0x897fffff]: assigned
2026-04-05T20:56:30.418341+00:00 linux kernel: pci 0000:00:08.0: BAR 0 [mem 0x89800000-0x8981ffff]: assigned
2026-04-05T20:56:30.418342+00:00 linux kernel: pci 0000:00:06.0: BAR 0 [mem 0x89820000-0x8982ffff]: assigned
2026-04-05T20:56:30.418342+00:00 linux kernel: pci 0000:00:02.0: BAR 0 [mem 0x89830000-0x89833fff]: assigned
2026-04-05T20:56:30.418342+00:00 linux kernel: pci 0000:00:03.0: BAR 2 [mem 0x89834000-0x89835fff]: assigned
2026-04-05T20:56:30.418342+00:00 linux kernel: pci 0000:00:01.0: BAR 3 [mem 0x89836000-0x89836fff]: assigned
2026-04-05T20:56:30.418343+00:00 linux kernel: pci 0000:00:01.0: BAR 0 [io  0x1000-0x101f]: assigned
2026-04-05T20:56:30.418344+00:00 linux kernel: pci 0000:00:08.0: BAR 2 [io  0x1020-0x1027]: assigned
2026-04-05T20:56:30.418345+00:00 linux kernel: pci 0000:00:04.0: PCI bridge to [bus 01]
2026-04-05T20:56:30.418366+00:00 linux kernel: pci_bus 0000:00: resource 4 [io  0x0000-0xffff window]
2026-04-05T20:56:30.418366+00:00 linux kernel: pci_bus 0000:00: resource 5 [mem 0x88000000-0x97ffffff window]
2026-04-05T20:56:30.418366+00:00 linux kernel: pci_bus 0000:00: resource 6 [mem 0xfcd20000-0xfcd2ffff window]
2026-04-05T20:56:30.418367+00:00 linux kernel: iommu: Default domain type: Translated
2026-04-05T20:56:30.418368+00:00 linux kernel: iommu: DMA domain TLB invalidation policy: strict mode
2026-04-05T20:56:30.418368+00:00 linux kernel: SCSI subsystem initialized
2026-04-05T20:56:30.418368+00:00 linux kernel: libata version 3.00 loaded.
2026-04-05T20:56:30.418369+00:00 linux kernel: ACPI: bus type USB registered
2026-04-05T20:56:30.418369+00:00 linux kernel: usbcore: registered new interface driver usbfs
2026-04-05T20:56:30.418369+00:00 linux kernel: usbcore: registered new interface driver hub
2026-04-05T20:56:30.418369+00:00 linux kernel: usbcore: registered new device driver usb
2026-04-05T20:56:30.418371+00:00 linux kernel: pps_core: LinuxPPS API ver. 1 registered
2026-04-05T20:56:30.418371+00:00 linux kernel: pps_core: Software ver. 5.3.6 - Copyright 2005-2007 Rodolfo Giometti <giometti@linux.it>
2026-04-05T20:56:30.418371+00:00 linux kernel: PTP clock support registered
2026-04-05T20:56:30.418372+00:00 linux kernel: EDAC MC: Ver: 3.0.0
2026-04-05T20:56:30.418372+00:00 linux kernel: scmi_core: SCMI protocol bus registered
2026-04-05T20:56:30.418372+00:00 linux kernel: efivars: Registered efivars operations
2026-04-05T20:56:30.418373+00:00 linux kernel: NetLabel: Initializing
2026-04-05T20:56:30.418373+00:00 linux kernel: NetLabel:  domain hash size = 128
2026-04-05T20:56:30.418374+00:00 linux kernel: NetLabel:  protocols = UNLABELED CIPSOv4 CALIPSO
2026-04-05T20:56:30.418374+00:00 linux kernel: NetLabel:  unlabeled traffic allowed by default
2026-04-05T20:56:30.418374+00:00 linux kernel: mctp: management component transport protocol core
2026-04-05T20:56:30.418374+00:00 linux kernel: NET: Registered PF_MCTP protocol family
2026-04-05T20:56:30.418374+00:00 linux kernel: pci 0000:00:00.0: vgaarb: setting as boot VGA device
2026-04-05T20:56:30.418376+00:00 linux kernel: pci 0000:00:00.0: vgaarb: bridge control possible
2026-04-05T20:56:30.418376+00:00 linux kernel: pci 0000:00:00.0: vgaarb: VGA device added: decodes=io+mem,owns=io+mem,locks=none
2026-04-05T20:56:30.418376+00:00 linux kernel: vgaarb: loaded
2026-04-05T20:56:30.418376+00:00 linux kernel: clocksource: Switched to clocksource arch_sys_counter
2026-04-05T20:56:30.418377+00:00 linux kernel: VFS: Disk quotas dquot_6.6.0
2026-04-05T20:56:30.418377+00:00 linux kernel: VFS: Dquot-cache hash table entries: 512 (order 0, 4096 bytes)
2026-04-05T20:56:30.418378+00:00 linux kernel: AppArmor: AppArmor Filesystem Enabled
2026-04-05T20:56:30.418378+00:00 linux kernel: pnp: PnP ACPI init
2026-04-05T20:56:30.418378+00:00 linux kernel: system 00:00: [mem 0xfedde000-0xffdddfff window] could not be reserved
2026-04-05T20:56:30.418379+00:00 linux kernel: pnp: PnP ACPI: found 1 devices
2026-04-05T20:56:30.418379+00:00 linux kernel: NET: Registered PF_INET protocol family
2026-04-05T20:56:30.418379+00:00 linux kernel: IP idents hash table entries: 32768 (order: 6, 262144 bytes, linear)
2026-04-05T20:56:30.418380+00:00 linux kernel: tcp_listen_portaddr_hash hash table entries: 1024 (order: 2, 16384 bytes, linear)
2026-04-05T20:56:30.418381+00:00 linux kernel: Table-perturb hash table entries: 65536 (order: 6, 262144 bytes, linear)
2026-04-05T20:56:30.418381+00:00 linux kernel: TCP established hash table entries: 16384 (order: 5, 131072 bytes, linear)
2026-04-05T20:56:30.418381+00:00 linux kernel: TCP bind hash table entries: 16384 (order: 7, 524288 bytes, linear)
2026-04-05T20:56:30.418381+00:00 linux kernel: TCP: Hash tables configured (established 16384 bind 16384)
2026-04-05T20:56:30.418381+00:00 linux kernel: MPTCP token hash table entries: 2048 (order: 4, 49152 bytes, linear)
2026-04-05T20:56:30.418382+00:00 linux kernel: UDP hash table entries: 1024 (order: 3, 32768 bytes, linear)
2026-04-05T20:56:30.418383+00:00 linux kernel: UDP-Lite hash table entries: 1024 (order: 3, 32768 bytes, linear)
2026-04-05T20:56:30.418383+00:00 linux kernel: NET: Registered PF_UNIX/PF_LOCAL protocol family
2026-04-05T20:56:30.418383+00:00 linux kernel: NET: Registered PF_XDP protocol family
2026-04-05T20:56:30.418383+00:00 linux kernel: pci 0000:00:06.0: enabling device (0010 -> 0012)
2026-04-05T20:56:30.418384+00:00 linux kernel: PCI: CLS 0 bytes, default 64
2026-04-05T20:56:30.418384+00:00 linux kernel: Trying to unpack rootfs image as initramfs...
2026-04-05T20:56:30.418385+00:00 linux kernel: kvm [1]: HYP mode not available
2026-04-05T20:56:30.418385+00:00 linux kernel: Initialise system trusted keyrings
2026-04-05T20:56:30.418385+00:00 linux kernel: Key type blacklist registered
2026-04-05T20:56:30.418386+00:00 linux kernel: workingset: timestamp_bits=40 max_order=19 bucket_order=0
2026-04-05T20:56:30.418386+00:00 linux kernel: zbud: loaded
2026-04-05T20:56:30.418386+00:00 linux kernel: squashfs: version 4.0 (2009/01/31) Phillip Lougher
2026-04-05T20:56:30.418386+00:00 linux kernel: fuse: init (API version 7.39)
2026-04-05T20:56:30.418387+00:00 linux kernel: integrity: Platform Keyring initialized
2026-04-05T20:56:30.418388+00:00 linux kernel: integrity: Machine keyring initialized
2026-04-05T20:56:30.418388+00:00 linux kernel: Key type asymmetric registered
2026-04-05T20:56:30.418388+00:00 linux kernel: Asymmetric key parser 'x509' registered
2026-04-05T20:56:30.418388+00:00 linux kernel: Block layer SCSI generic (bsg) driver version 0.4 loaded (major 242)
2026-04-05T20:56:30.418389+00:00 linux kernel: io scheduler mq-deadline registered
2026-04-05T20:56:30.418390+00:00 linux kernel: pl061_gpio ARMH0061:00: PL061 GPIO chip registered
2026-04-05T20:56:30.418390+00:00 linux kernel: shpchp: Standard Hot Plug PCI Controller Driver version: 0.4
2026-04-05T20:56:30.418390+00:00 linux kernel: Serial: 8250/16550 driver, 32 ports, IRQ sharing enabled
2026-04-05T20:56:30.418390+00:00 linux kernel: msm_serial: driver initialized
2026-04-05T20:56:30.418391+00:00 linux kernel: SuperH (H)SCI(F) driver initialized
2026-04-05T20:56:30.418391+00:00 linux kernel: loop: module loaded
2026-04-05T20:56:30.418392+00:00 linux kernel: virtio_scsi virtio0: 2/0/0 default/read/poll queues
2026-04-05T20:56:30.418392+00:00 linux kernel: scsi host0: Virtio SCSI HBA
2026-04-05T20:56:30.418392+00:00 linux kernel: ACPI: bus type drm_connector registered
2026-04-05T20:56:30.418393+00:00 linux kernel: tun: Universal TUN/TAP device driver, 1.6
2026-04-05T20:56:30.418393+00:00 linux kernel: scsi 0:0:0:0: Direct-Access     VBOX     HARDDISK         1.0  PQ: 0 ANSI: 5
2026-04-05T20:56:30.418393+00:00 linux kernel: PPP generic driver version 2.4.2
2026-04-05T20:56:30.418393+00:00 linux kernel: mousedev: PS/2 mouse device common for all mice
2026-04-05T20:56:30.418394+00:00 linux kernel: rtc-efi rtc-efi.0: registered as rtc0
2026-04-05T20:56:30.418395+00:00 linux kernel: rtc-efi rtc-efi.0: setting system clock to 2026-04-05T20:56:26 UTC (1775422586)
2026-04-05T20:56:30.418395+00:00 linux kernel: i2c_dev: i2c /dev entries driver
2026-04-05T20:56:30.418395+00:00 linux kernel: device-mapper: core: CONFIG_IMA_DISABLE_HTABLE is disabled. Duplicate IMA measurements will not be recorded in the IMA log.
2026-04-05T20:56:30.418395+00:00 linux kernel: device-mapper: uevent: version 1.0.3
2026-04-05T20:56:30.418396+00:00 linux kernel: device-mapper: ioctl: 4.48.0-ioctl (2023-03-01) initialised: dm-devel@redhat.com
2026-04-05T20:56:30.418397+00:00 linux kernel: ledtrig-cpu: registered to indicate activity on CPUs
2026-04-05T20:56:30.418397+00:00 linux kernel: [drm] Initialized simpledrm 1.0.0 20200625 for simple-framebuffer.0 on minor 0
2026-04-05T20:56:30.418397+00:00 linux kernel: fbcon: Deferring console take-over
2026-04-05T20:56:30.418398+00:00 linux kernel: simple-framebuffer simple-framebuffer.0: [drm] fb0: simpledrmdrmfb frame buffer device
2026-04-05T20:56:30.418398+00:00 linux kernel: No ACPI PMU IRQ for CPU0
2026-04-05T20:56:30.418398+00:00 linux kernel: No ACPI PMU IRQ for CPU1
2026-04-05T20:56:30.418399+00:00 linux kernel: drop_monitor: Initializing network drop monitor service
2026-04-05T20:56:30.418400+00:00 linux kernel: NET: Registered PF_INET6 protocol family
2026-04-05T20:56:30.418400+00:00 linux kernel: scsi 0:0:1:0: CD-ROM            VBOX     CD-ROM           1.0  PQ: 0 ANSI: 5
2026-04-05T20:56:30.418400+00:00 linux kernel: scsi 0:0:2:0: Direct-Access     VBOX     HARDDISK         1.0  PQ: 0 ANSI: 5
2026-04-05T20:56:30.418400+00:00 linux kernel: scsi 0:0:0:0: Attached scsi generic sg0 type 0
2026-04-05T20:56:30.418400+00:00 linux kernel: sd 0:0:0:0: [sda] 52428800 512-byte logical blocks: (26.8 GB/25.0 GiB)
2026-04-05T20:56:30.418401+00:00 linux kernel: sd 0:0:0:0: [sda] Write Protect is off
2026-04-05T20:56:30.418402+00:00 linux kernel: sd 0:0:0:0: [sda] Mode Sense: 0f 00 10 00
2026-04-05T20:56:30.418402+00:00 linux kernel: sd 0:0:0:0: [sda] Write cache: enabled, read cache: enabled, supports DPO and FUA
2026-04-05T20:56:30.418402+00:00 linux kernel: sr 0:0:1:0: [sr0] scsi-1 drive
2026-04-05T20:56:30.418403+00:00 linux kernel: cdrom: Uniform CD-ROM driver Revision: 3.20
2026-04-05T20:56:30.418403+00:00 linux kernel: sr 0:0:1:0: Attached scsi CD-ROM sr0
2026-04-05T20:56:30.418403+00:00 linux kernel: sr 0:0:1:0: Attached scsi generic sg1 type 5
2026-04-05T20:56:30.418404+00:00 linux kernel: sd 0:0:2:0: Attached scsi generic sg2 type 0
2026-04-05T20:56:30.418405+00:00 linux kernel: sd 0:0:2:0: [sdb] 52428800 512-byte logical blocks: (26.8 GB/25.0 GiB)
2026-04-05T20:56:30.418405+00:00 linux kernel: sd 0:0:2:0: [sdb] Write Protect is off
2026-04-05T20:56:30.418405+00:00 linux kernel: sd 0:0:2:0: [sdb] Mode Sense: 0f 00 10 00
2026-04-05T20:56:30.418405+00:00 linux kernel: sd 0:0:2:0: [sdb] Write cache: enabled, read cache: enabled, supports DPO and FUA
2026-04-05T20:56:30.418406+00:00 linux kernel:  sda: sda1 sda2
2026-04-05T20:56:30.418406+00:00 linux kernel: sd 0:0:0:0: [sda] Attached SCSI disk
2026-04-05T20:56:30.418407+00:00 linux kernel: Freeing initrd memory: 78372K
2026-04-05T20:56:30.418408+00:00 linux kernel: Segment Routing with IPv6
2026-04-05T20:56:30.418408+00:00 linux kernel: In-situ OAM (IOAM) with IPv6
2026-04-05T20:56:30.418408+00:00 linux kernel: NET: Registered PF_PACKET protocol family
2026-04-05T20:56:30.418408+00:00 linux kernel: Key type dns_resolver registered
2026-04-05T20:56:30.418409+00:00 linux kernel: registered taskstats version 1
2026-04-05T20:56:30.418410+00:00 linux kernel: Loading compiled-in X.509 certificates
2026-04-05T20:56:30.418410+00:00 linux kernel: Loaded X.509 cert 'Build time autogenerated kernel key: ddea6181557b1fd9f9cad0f698251cbd57730c83'
2026-04-05T20:56:30.418410+00:00 linux kernel: Loaded X.509 cert 'Canonical Ltd. Live Patch Signing 2025 Kmod: d541cef61dc7e793b7eb7e899970a2eef0b5dc8c'
2026-04-05T20:56:30.418410+00:00 linux kernel: Loaded X.509 cert 'Canonical Ltd. Live Patch Signing: 14df34d1a87cf37625abec039ef2bf521249b969'
2026-04-05T20:56:30.418411+00:00 linux kernel: Loaded X.509 cert 'Canonical Ltd. Kernel Module Signing: 88f752e560a1e0737e31163a466ad7b70a850c19'
2026-04-05T20:56:30.418411+00:00 linux kernel: blacklist: Loading compiled-in revocation X.509 certificates
2026-04-05T20:56:30.418432+00:00 linux kernel: Loaded X.509 cert 'Canonical Ltd. Secure Boot Signing: 61482aa2830d0ab2ad5af10b7250da9033ddcef0'
2026-04-05T20:56:30.418433+00:00 linux kernel: Loaded X.509 cert 'Canonical Ltd. Secure Boot Signing (2017): 242ade75ac4a15e50d50c84b0d45ff3eae707a03'
2026-04-05T20:56:30.418433+00:00 linux kernel: Loaded X.509 cert 'Canonical Ltd. Secure Boot Signing (ESM 2018): 365188c1d374d6b07c3c8f240f8ef722433d6a8b'
2026-04-05T20:56:30.418433+00:00 linux kernel: Loaded X.509 cert 'Canonical Ltd. Secure Boot Signing (2019): c0746fd6c5da3ae827864651ad66ae47fe24b3e8'
2026-04-05T20:56:30.418434+00:00 linux kernel: Loaded X.509 cert 'Canonical Ltd. Secure Boot Signing (2021 v1): a8d54bbb3825cfb94fa13c9f8a594a195c107b8d'
2026-04-05T20:56:30.418434+00:00 linux kernel: Loaded X.509 cert 'Canonical Ltd. Secure Boot Signing (2021 v2): 4cf046892d6fd3c9a5b03f98d845f90851dc6a8c'
2026-04-05T20:56:30.418435+00:00 linux kernel: Loaded X.509 cert 'Canonical Ltd. Secure Boot Signing (2021 v3): 100437bb6de6e469b581e61cd66bce3ef4ed53af'
2026-04-05T20:56:30.418435+00:00 linux kernel: Loaded X.509 cert 'Canonical Ltd. Secure Boot Signing (Ubuntu Core 2019): c1d57b8f6b743f23ee41f4f7ee292f06eecadfb9'
2026-04-05T20:56:30.418436+00:00 linux kernel: Key type .fscrypt registered
2026-04-05T20:56:30.418436+00:00 linux kernel: Key type fscrypt-provisioning registered
2026-04-05T20:56:30.418436+00:00 linux kernel:  sdb: sdb1
2026-04-05T20:56:30.418436+00:00 linux kernel: sd 0:0:2:0: [sdb] Attached SCSI disk
2026-04-05T20:56:30.418438+00:00 linux kernel: Key type encrypted registered
2026-04-05T20:56:30.418438+00:00 linux kernel: AppArmor: AppArmor sha256 policy hashing enabled
2026-04-05T20:56:30.418438+00:00 linux kernel: ima: secureboot mode disabled
2026-04-05T20:56:30.418438+00:00 linux kernel: ima: No TPM chip found, activating TPM-bypass!
2026-04-05T20:56:30.418438+00:00 linux kernel: Loading compiled-in module X.509 certificates
2026-04-05T20:56:30.418439+00:00 linux kernel: Loaded X.509 cert 'Build time autogenerated kernel key: ddea6181557b1fd9f9cad0f698251cbd57730c83'
2026-04-05T20:56:30.418440+00:00 linux kernel: ima: Allocated hash algorithm: sha256
2026-04-05T20:56:30.418440+00:00 linux kernel: ima: No architecture policies found
2026-04-05T20:56:30.418440+00:00 linux kernel: evm: Initialising EVM extended attributes:
2026-04-05T20:56:30.418441+00:00 linux kernel: evm: security.selinux
2026-04-05T20:56:30.418441+00:00 linux kernel: evm: security.SMACK64
2026-04-05T20:56:30.418441+00:00 linux kernel: evm: security.SMACK64EXEC
2026-04-05T20:56:30.418442+00:00 linux kernel: evm: security.SMACK64TRANSMUTE
2026-04-05T20:56:30.418442+00:00 linux kernel: evm: security.SMACK64MMAP
2026-04-05T20:56:30.418443+00:00 linux kernel: evm: security.apparmor
2026-04-05T20:56:30.418443+00:00 linux kernel: evm: security.ima
2026-04-05T20:56:30.418443+00:00 linux kernel: evm: security.capability
2026-04-05T20:56:30.418443+00:00 linux kernel: evm: HMAC attrs: 0x1
2026-04-05T20:56:30.418444+00:00 linux kernel: clk: Disabling unused clocks
2026-04-05T20:56:30.418445+00:00 linux kernel: Freeing unused kernel memory: 12288K
2026-04-05T20:56:30.418445+00:00 linux kernel: Checked W+X mappings: passed, no W+X pages found
2026-04-05T20:56:30.418446+00:00 linux kernel: Run /init as init process
2026-04-05T20:56:30.418446+00:00 linux kernel:   with arguments:
2026-04-05T20:56:30.418446+00:00 linux kernel:     /init
2026-04-05T20:56:30.418446+00:00 linux kernel:     splash
2026-04-05T20:56:30.418447+00:00 linux kernel:     noprompt
2026-04-05T20:56:30.418448+00:00 linux kernel:     noshell
2026-04-05T20:56:30.418448+00:00 linux kernel:     automatic-ubiquity
2026-04-05T20:56:30.418448+00:00 linux kernel:     vt.handoff=7
